#
# There is insufficient memory for the Java Runtime Environment to continue.
# Native memory allocation (malloc) failed to allocate 506816 bytes. Error detail: Chunk::new
# Possible reasons:
#   The system is out of physical RAM or swap space
#   This process is running with CompressedOops enabled, and the Java Heap may be blocking the growth of the native heap
# Possible solutions:
#   Reduce memory load on the system
#   Increase physical memory or swap space
#   Check if swap backing store is full
#   Decrease Java heap size (-Xmx/-Xms)
#   Decrease number of Java threads
#   Decrease Java thread stack sizes (-Xss)
#   Set larger code cache with -XX:ReservedCodeCacheSize=
#   JVM is running with Unscaled Compressed Oops mode in which the Java heap is
#     placed in the first 4GB address space. The Java Heap base address is the
#     maximum limit for the native heap growth. Please use -XX:HeapBaseMinAddress
#     to set the Java Heap base and to place the Java Heap above 4GB virtual address.
# This output file may be truncated or incomplete.
#
#  Out of Memory Error (arena.cpp:168), pid=3424, tid=20660
#
# JRE version: OpenJDK Runtime Environment Temurin-21.0.10+7 (21.0.10+7) (build 21.0.10+7-LTS)
# Java VM: OpenJDK 64-Bit Server VM Temurin-21.0.10+7 (21.0.10+7-LTS, mixed mode, sharing, tiered, compressed oops, compressed class ptrs, parallel gc, windows-amd64)
# No core dump will be written. Minidumps are not enabled by default on client versions of Windows
#

---------------  S U M M A R Y ------------

Command Line: --add-modules=ALL-SYSTEM --add-opens=java.base/java.util=ALL-UNNAMED --add-opens=java.base/java.lang=ALL-UNNAMED --add-opens=java.base/sun.nio.fs=ALL-UNNAMED -Declipse.application=org.eclipse.jdt.ls.core.id1 -Dosgi.bundles.defaultStartLevel=4 -Declipse.product=org.eclipse.jdt.ls.core.product -Djava.import.generatesMetadataFilesAtProjectRoot=false -DDetectVMInstallationsJob.disabled=true -Dfile.encoding=utf8 -XX:+UseParallelGC -XX:GCTimeRatio=4 -XX:AdaptiveSizePolicyWeight=90 -Dsun.zip.disableMemoryMapping=true -Xmx2G -Xms100m -Xlog:disable -javaagent:c:\Users\divak\.vscode\extensions\redhat.java-1.54.0-win32-x64\lombok\lombok-1.18.39-4050.jar -XX:+HeapDumpOnOutOfMemoryError -XX:HeapDumpPath=c:\Users\divak\AppData\Roaming\Code\User\workspaceStorage\28c185f7beae44aea89ad2616f76689d\redhat.java -Daether.dependencyCollector.impl=bf c:\Users\divak\.vscode\extensions\redhat.java-1.54.0-win32-x64\server\plugins\org.eclipse.equinox.launcher_1.7.100.v20251111-0406.jar -configuration c:\Users\divak\AppData\Roaming\Code\User\globalStorage\redhat.java\1.54.0\config_win -data c:\Users\divak\AppData\Roaming\Code\User\workspaceStorage\28c185f7beae44aea89ad2616f76689d\redhat.java\jdt_ws --pipe=\\.\pipe\lsp-2c5a484284a2cf500aee35c0300fb083-sock

Host: 11th Gen Intel(R) Core(TM) i5-11300H @ 3.10GHz, 8 cores, 7G,  Windows 11 , 64 bit Build 26100 (10.0.26100.7623)
Time: Tue May 12 20:56:03 2026 India Standard Time elapsed time: 29.254556 seconds (0d 0h 0m 29s)

---------------  T H R E A D  ---------------

Current thread (0x000002c528bf3b40):  JavaThread "C2 CompilerThread0" daemon [_thread_in_native, id=20660, stack(0x000000e582700000,0x000000e582800000) (1024K)]


Current CompileTask:
C2:29254 4085       4       org.lombokweb.asm.ClassReader::readMethod (1070 bytes)

Stack: [0x000000e582700000,0x000000e582800000]
Native frames: (J=compiled Java code, j=interpreted, Vv=VM code, C=native code)
V  [jvm.dll+0x6d7a39]
V  [jvm.dll+0x8b4b26]
V  [jvm.dll+0x8b70de]
V  [jvm.dll+0x8b77c3]
V  [jvm.dll+0x284346]
V  [jvm.dll+0xc66ed]
V  [jvm.dll+0xc6c31]
V  [jvm.dll+0x2fb29e]
V  [jvm.dll+0x5fe884]
V  [jvm.dll+0x255b17]
V  [jvm.dll+0x24df54]
V  [jvm.dll+0x24ba42]
V  [jvm.dll+0x1cb34e]
V  [jvm.dll+0x25b85d]
V  [jvm.dll+0x259dea]
V  [jvm.dll+0x3f857e]
V  [jvm.dll+0x85f59d]
V  [jvm.dll+0x6d626d]
C  [ucrtbase.dll+0x37b0]
C  [KERNEL32.DLL+0x2e8d7]
C  [ntdll.dll+0x8c53c]


---------------  P R O C E S S  ---------------

Threads class SMR info:
_java_thread_list=0x000002c586e5e940, length=22, elements={
0x000002c528c6eba0, 0x000002c528bdf1e0, 0x000002c528be1c20, 0x000002c528be4d70,
0x000002c528be59d0, 0x000002c528bebe30, 0x000002c528bee8a0, 0x000002c528bf3b40,
0x000002c528c1e3f0, 0x000002c586237390, 0x000002c586331120, 0x000002c5869f76e0,
0x000002c5869f34b0, 0x000002c586849320, 0x000002c586180dd0, 0x000002c586f49630,
0x000002c5864b05a0, 0x000002c5867976b0, 0x000002c58705f2e0, 0x000002c58705e5c0,
0x000002c58705c4f0, 0x000002c58795f880
}

Java Threads: ( => current thread )
  0x000002c528c6eba0 JavaThread "main"                              [_thread_blocked, id=3268, stack(0x000000e581d00000,0x000000e581e00000) (1024K)]
  0x000002c528bdf1e0 JavaThread "Reference Handler"          daemon [_thread_blocked, id=11844, stack(0x000000e582100000,0x000000e582200000) (1024K)]
  0x000002c528be1c20 JavaThread "Finalizer"                  daemon [_thread_blocked, id=21052, stack(0x000000e582200000,0x000000e582300000) (1024K)]
  0x000002c528be4d70 JavaThread "Signal Dispatcher"          daemon [_thread_blocked, id=22560, stack(0x000000e582300000,0x000000e582400000) (1024K)]
  0x000002c528be59d0 JavaThread "Attach Listener"            daemon [_thread_blocked, id=24932, stack(0x000000e582400000,0x000000e582500000) (1024K)]
  0x000002c528bebe30 JavaThread "Service Thread"             daemon [_thread_blocked, id=18612, stack(0x000000e582500000,0x000000e582600000) (1024K)]
  0x000002c528bee8a0 JavaThread "Monitor Deflation Thread"   daemon [_thread_blocked, id=19904, stack(0x000000e582600000,0x000000e582700000) (1024K)]
=>0x000002c528bf3b40 JavaThread "C2 CompilerThread0"         daemon [_thread_in_native, id=20660, stack(0x000000e582700000,0x000000e582800000) (1024K)]
  0x000002c528c1e3f0 JavaThread "C1 CompilerThread0"         daemon [_thread_blocked, id=18760, stack(0x000000e582800000,0x000000e582900000) (1024K)]
  0x000002c586237390 JavaThread "Common-Cleaner"             daemon [_thread_blocked, id=20420, stack(0x000000e582900000,0x000000e582a00000) (1024K)]
  0x000002c586331120 JavaThread "Notification Thread"        daemon [_thread_blocked, id=17728, stack(0x000000e582b00000,0x000000e582c00000) (1024K)]
  0x000002c5869f76e0 JavaThread "Active Thread: Equinox Container: cae3195c-f76e-49f7-a857-03dcc7e66eed"        [_thread_blocked, id=23568, stack(0x000000e583200000,0x000000e583300000) (1024K)]
  0x000002c5869f34b0 JavaThread "Refresh Thread: Equinox Container: cae3195c-f76e-49f7-a857-03dcc7e66eed" daemon [_thread_blocked, id=6520, stack(0x000000e583300000,0x000000e583400000) (1024K)]
  0x000002c586849320 JavaThread "Framework Event Dispatcher: Equinox Container: cae3195c-f76e-49f7-a857-03dcc7e66eed" daemon [_thread_blocked, id=18068, stack(0x000000e583400000,0x000000e583500000) (1024K)]
  0x000002c586180dd0 JavaThread "Start Level: Equinox Container: cae3195c-f76e-49f7-a857-03dcc7e66eed" daemon [_thread_in_native, id=576, stack(0x000000e583500000,0x000000e583600000) (1024K)]
  0x000002c586f49630 JavaThread "Bundle File Closer"         daemon [_thread_blocked, id=11548, stack(0x000000e583700000,0x000000e583800000) (1024K)]
  0x000002c5864b05a0 JavaThread "SCR Component Actor"        daemon [_thread_blocked, id=22112, stack(0x000000e583600000,0x000000e583700000) (1024K)]
  0x000002c5867976b0 JavaThread "Worker-JM"                         [_thread_blocked, id=7456, stack(0x000000e583800000,0x000000e583900000) (1024K)]
  0x000002c58705f2e0 JavaThread "JNA Cleaner"                daemon [_thread_blocked, id=14508, stack(0x000000e583900000,0x000000e583a00000) (1024K)]
  0x000002c58705e5c0 JavaThread "Worker-0"                          [_thread_blocked, id=14868, stack(0x000000e583a00000,0x000000e583b00000) (1024K)]
  0x000002c58705c4f0 JavaThread "Worker-1"                          [_thread_blocked, id=10284, stack(0x000000e583b00000,0x000000e583c00000) (1024K)]
  0x000002c58795f880 JavaThread "C2 CompilerThread1"         daemon [_thread_in_native, id=17488, stack(0x000000e583c00000,0x000000e583d00000) (1024K)]
Total: 22

Other Threads:
  0x000002c528d2e7e0 VMThread "VM Thread"                           [id=18348, stack(0x000000e582000000,0x000000e582100000) (1024K)]
  0x000002c528cd9c10 WatcherThread "VM Periodic Task Thread"        [id=2848, stack(0x000000e581f00000,0x000000e582000000) (1024K)]
  0x000002c528c8d2b0 WorkerThread "GC Thread#0"                     [id=1212, stack(0x000000e581e00000,0x000000e581f00000) (1024K)]
  0x000002c5866d5220 WorkerThread "GC Thread#1"                     [id=9784, stack(0x000000e582c00000,0x000000e582d00000) (1024K)]
  0x000002c586611ca0 WorkerThread "GC Thread#2"                     [id=2024, stack(0x000000e582d00000,0x000000e582e00000) (1024K)]
  0x000002c586d60890 WorkerThread "GC Thread#3"                     [id=19172, stack(0x000000e582e00000,0x000000e582f00000) (1024K)]
  0x000002c586610b80 WorkerThread "GC Thread#4"                     [id=2364, stack(0x000000e582f00000,0x000000e583000000) (1024K)]
  0x000002c586610f30 WorkerThread "GC Thread#5"                     [id=8396, stack(0x000000e583000000,0x000000e583100000) (1024K)]
  0x000002c5866112e0 WorkerThread "GC Thread#6"                     [id=7252, stack(0x000000e583100000,0x000000e583200000) (1024K)]
  0x000002c528bf7e20 WorkerThread "GC Thread#7"                     [id=21904, stack(0x000000e582a00000,0x000000e582b00000) (1024K)]
Total: 10

Threads with active compile tasks:
C2 CompilerThread0  29289 4085       4       org.lombokweb.asm.ClassReader::readMethod (1070 bytes)
C2 CompilerThread1  29289 4097       4       org.lombokweb.asm.MethodWriter::<init> (232 bytes)
Total: 2

VM state: not at safepoint (normal execution)

VM Mutex/Monitor currently owned by a thread: None

Heap address: 0x0000000080000000, size: 2048 MB, Compressed Oops mode: 32-bit

CDS archive(s) mapped at: [0x000002c540000000-0x000002c540ba0000-0x000002c540ba0000), size 12189696, SharedBaseAddress: 0x000002c540000000, ArchiveRelocationMode: 1.
Compressed class space mapped at: 0x000002c541000000-0x000002c581000000, reserved size: 1073741824
Narrow klass base: 0x000002c540000000, Narrow klass shift: 0, Narrow klass range: 0x100000000

GC Precious Log:
 CardTable entry size: 512
 CPUs: 8 total, 8 available
 Memory: 7975M
 Large Page Support: Disabled
 NUMA Support: Disabled
 Compressed Oops: Enabled (32-bit)
 Alignments: Space 512K, Generation 512K, Heap 2M
 Heap Min Capacity: 100M
 Heap Initial Capacity: 100M
 Heap Max Capacity: 2G
 Pre-touch: Disabled
 Parallel Workers: 8

Heap:
 PSYoungGen      total 25600K, used 24916K [0x00000000d5580000, 0x00000000d7400000, 0x0000000100000000)
  eden space 24064K, 98% used [0x00000000d5580000,0x00000000d6cb1960,0x00000000d6d00000)
  from space 1536K, 75% used [0x00000000d7280000,0x00000000d73a3920,0x00000000d7400000)
  to   space 2560K, 0% used [0x00000000d6f00000,0x00000000d6f00000,0x00000000d7180000)
 ParOldGen       total 68608K, used 13487K [0x0000000080000000, 0x0000000084300000, 0x00000000d5580000)
  object space 68608K, 19% used [0x0000000080000000,0x0000000080d2bff8,0x0000000084300000)
 Metaspace       used 26275K, committed 27264K, reserved 1114112K
  class space    used 2648K, committed 3072K, reserved 1048576K

Card table byte_map: [0x000002c528610000,0x000002c528a20000] _byte_map_base: 0x000002c528210000

Marking Bits: (ParMarkBitMap*) 0x00007ffa40d53450
 Begin Bits: [0x000002c53b120000, 0x000002c53d120000)
 End Bits:   [0x000002c53d120000, 0x000002c53f120000)

Polling page: 0x000002c526a40000

Metaspace:

Usage:
  Non-class:     23.07 MB used.
      Class:      2.59 MB used.
       Both:     25.66 MB used.

Virtual space:
  Non-class space:       64.00 MB reserved,      23.62 MB ( 37%) committed,  1 nodes.
      Class space:        1.00 GB reserved,       3.00 MB ( <1%) committed,  1 nodes.
             Both:        1.06 GB reserved,      26.62 MB (  2%) committed. 

Chunk freelists:
   Non-Class:  8.41 MB
       Class:  12.91 MB
        Both:  21.31 MB

MaxMetaspaceSize: unlimited
CompressedClassSpaceSize: 1.00 GB
Initial GC threshold: 21.00 MB
Current GC threshold: 35.00 MB
CDS: on
 - commit_granule_bytes: 65536.
 - commit_granule_words: 8192.
 - virtual_space_node_default_size: 8388608.
 - enlarge_chunks_in_place: 1.
 - use_allocation_guard: 0.


Internal statistics:

num_allocs_failed_limit: 3.
num_arena_births: 820.
num_arena_deaths: 14.
num_vsnodes_births: 2.
num_vsnodes_deaths: 0.
num_space_committed: 426.
num_space_uncommitted: 0.
num_chunks_returned_to_freelist: 17.
num_chunks_taken_from_freelist: 1897.
num_chunk_merges: 6.
num_chunk_splits: 1204.
num_chunks_enlarged: 728.
num_inconsistent_stats: 0.

CodeHeap 'non-profiled nmethods': size=120000Kb used=1835Kb max_used=1835Kb free=118164Kb
 bounds [0x000002c533940000, 0x000002c533bb0000, 0x000002c53ae70000]
CodeHeap 'profiled nmethods': size=120000Kb used=8387Kb max_used=8387Kb free=111612Kb
 bounds [0x000002c52be70000, 0x000002c52c6b0000, 0x000002c5333a0000]
CodeHeap 'non-nmethods': size=5760Kb used=1342Kb max_used=1356Kb free=4417Kb
 bounds [0x000002c5333a0000, 0x000002c533610000, 0x000002c533940000]
CodeCache: size=245760Kb, used=11564Kb, max_used=11578Kb, free=234193Kb
 total_blobs=4715, nmethods=4094, adapters=527, full_count=0
Compilation: enabled, stopped_count=0, restarted_count=0

Compilation events (20 events):
Event: 29.203 Thread 0x000002c528c1e3f0 nmethod 4080 0x000002c52c698910 code [0x000002c52c698ac0, 0x000002c52c698cc8]
Event: 29.203 Thread 0x000002c528c1e3f0 4082       1       lombok.patcher.MethodLogistics::getReturnOpcode (5 bytes)
Event: 29.203 Thread 0x000002c528c1e3f0 nmethod 4082 0x000002c533b08f10 code [0x000002c533b090a0, 0x000002c533b09168]
Event: 29.228 Thread 0x000002c58795f880 4087       4       org.lombokweb.asm.MethodWriter::canCopyMethodAttributes (163 bytes)
Event: 29.228 Thread 0x000002c528c1e3f0 4089       3       org.lombokweb.asm.SymbolTable::addConstantMethodref (24 bytes)
Event: 29.229 Thread 0x000002c528c1e3f0 nmethod 4089 0x000002c52c698d90 code [0x000002c52c698f40, 0x000002c52c6990e0]
Event: 29.229 Thread 0x000002c528c1e3f0 4090       3       org.lombokweb.asm.MethodWriter::visitFrame (811 bytes)
Event: 29.231 Thread 0x000002c528c1e3f0 nmethod 4090 0x000002c52c699190 code [0x000002c52c6996e0, 0x000002c52c69b950]
Event: 29.231 Thread 0x000002c528c1e3f0 4091       3       org.lombokweb.asm.Label::put (83 bytes)
Event: 29.231 Thread 0x000002c528c1e3f0 nmethod 4091 0x000002c52c69c890 code [0x000002c52c69cac0, 0x000002c52c69cef0]
Event: 29.231 Thread 0x000002c528c1e3f0 4092       3       org.lombokweb.asm.MethodWriter::visitJumpInsn (495 bytes)
Event: 29.232 Thread 0x000002c528c1e3f0 nmethod 4092 0x000002c52c69d090 code [0x000002c52c69d3e0, 0x000002c52c69e3e8]
Event: 29.235 Thread 0x000002c58795f880 nmethod 4087 0x000002c533b09210 code [0x000002c533b093c0, 0x000002c533b09718]
Event: 29.235 Thread 0x000002c58795f880 4088       4       org.lombokweb.asm.Type::getArgumentsAndReturnSizes (140 bytes)
Event: 29.241 Thread 0x000002c528c1e3f0 4094       3       org.lombokweb.asm.SymbolTable::hash (14 bytes)
Event: 29.241 Thread 0x000002c528c1e3f0 nmethod 4094 0x000002c52c69ea10 code [0x000002c52c69eba0, 0x000002c52c69eca8]
Event: 29.242 Thread 0x000002c58795f880 nmethod 4088 0x000002c533b09a10 code [0x000002c533b09c60, 0x000002c533b0a548]
Event: 29.243 Thread 0x000002c58795f880 4095       4       org.lombokweb.asm.MethodVisitor::<init> (79 bytes)
Event: 29.243 Thread 0x000002c58795f880 nmethod 4095 0x000002c533b0ac90 code [0x000002c533b0ae20, 0x000002c533b0aef0]
Event: 29.243 Thread 0x000002c58795f880 4097       4       org.lombokweb.asm.MethodWriter::<init> (232 bytes)

GC Heap History (18 events):
Event: 1.363 GC heap before
{Heap before GC invocations=1 (full 0):
 PSYoungGen      total 29696K, used 25600K [0x00000000d5580000, 0x00000000d7680000, 0x0000000100000000)
  eden space 25600K, 100% used [0x00000000d5580000,0x00000000d6e80000,0x00000000d6e80000)
  from space 4096K, 0% used [0x00000000d7280000,0x00000000d7280000,0x00000000d7680000)
  to   space 4096K, 0% used [0x00000000d6e80000,0x00000000d6e80000,0x00000000d7280000)
 ParOldGen       total 68608K, used 0K [0x0000000080000000, 0x0000000084300000, 0x00000000d5580000)
  object space 68608K, 0% used [0x0000000080000000,0x0000000080000000,0x0000000084300000)
 Metaspace       used 4365K, committed 4608K, reserved 1114112K
  class space    used 474K, committed 576K, reserved 1048576K
}
Event: 1.376 GC heap after
{Heap after GC invocations=1 (full 0):
 PSYoungGen      total 29696K, used 3303K [0x00000000d5580000, 0x00000000d7680000, 0x0000000100000000)
  eden space 25600K, 0% used [0x00000000d5580000,0x00000000d5580000,0x00000000d6e80000)
  from space 4096K, 80% used [0x00000000d6e80000,0x00000000d71b9e98,0x00000000d7280000)
  to   space 4096K, 0% used [0x00000000d7280000,0x00000000d7280000,0x00000000d7680000)
 ParOldGen       total 68608K, used 8K [0x0000000080000000, 0x0000000084300000, 0x00000000d5580000)
  object space 68608K, 0% used [0x0000000080000000,0x0000000080002000,0x0000000084300000)
 Metaspace       used 4365K, committed 4608K, reserved 1114112K
  class space    used 474K, committed 576K, reserved 1048576K
}
Event: 10.534 GC heap before
{Heap before GC invocations=2 (full 0):
 PSYoungGen      total 29696K, used 28903K [0x00000000d5580000, 0x00000000d7680000, 0x0000000100000000)
  eden space 25600K, 100% used [0x00000000d5580000,0x00000000d6e80000,0x00000000d6e80000)
  from space 4096K, 80% used [0x00000000d6e80000,0x00000000d71b9e98,0x00000000d7280000)
  to   space 4096K, 0% used [0x00000000d7280000,0x00000000d7280000,0x00000000d7680000)
 ParOldGen       total 68608K, used 8K [0x0000000080000000, 0x0000000084300000, 0x00000000d5580000)
  object space 68608K, 0% used [0x0000000080000000,0x0000000080002000,0x0000000084300000)
 Metaspace       used 8002K, committed 8256K, reserved 1114112K
  class space    used 830K, committed 960K, reserved 1048576K
}
Event: 10.542 GC heap after
{Heap after GC invocations=2 (full 0):
 PSYoungGen      total 29696K, used 4086K [0x00000000d5580000, 0x00000000d7680000, 0x0000000100000000)
  eden space 25600K, 0% used [0x00000000d5580000,0x00000000d5580000,0x00000000d6e80000)
  from space 4096K, 99% used [0x00000000d7280000,0x00000000d767d810,0x00000000d7680000)
  to   space 4096K, 0% used [0x00000000d6e80000,0x00000000d6e80000,0x00000000d7280000)
 ParOldGen       total 68608K, used 2081K [0x0000000080000000, 0x0000000084300000, 0x00000000d5580000)
  object space 68608K, 3% used [0x0000000080000000,0x0000000080208648,0x0000000084300000)
 Metaspace       used 8002K, committed 8256K, reserved 1114112K
  class space    used 830K, committed 960K, reserved 1048576K
}
Event: 17.522 GC heap before
{Heap before GC invocations=3 (full 0):
 PSYoungGen      total 29696K, used 29686K [0x00000000d5580000, 0x00000000d7680000, 0x0000000100000000)
  eden space 25600K, 100% used [0x00000000d5580000,0x00000000d6e80000,0x00000000d6e80000)
  from space 4096K, 99% used [0x00000000d7280000,0x00000000d767d810,0x00000000d7680000)
  to   space 4096K, 0% used [0x00000000d6e80000,0x00000000d6e80000,0x00000000d7280000)
 ParOldGen       total 68608K, used 2081K [0x0000000080000000, 0x0000000084300000, 0x00000000d5580000)
  object space 68608K, 3% used [0x0000000080000000,0x0000000080208648,0x0000000084300000)
 Metaspace       used 9467K, committed 9792K, reserved 1114112K
  class space    used 1009K, committed 1152K, reserved 1048576K
}
Event: 17.529 GC heap after
{Heap after GC invocations=3 (full 0):
 PSYoungGen      total 29696K, used 4087K [0x00000000d5580000, 0x00000000d7680000, 0x0000000100000000)
  eden space 25600K, 0% used [0x00000000d5580000,0x00000000d5580000,0x00000000d6e80000)
  from space 4096K, 99% used [0x00000000d6e80000,0x00000000d727dd28,0x00000000d7280000)
  to   space 4096K, 0% used [0x00000000d7280000,0x00000000d7280000,0x00000000d7680000)
 ParOldGen       total 68608K, used 4897K [0x0000000080000000, 0x0000000084300000, 0x00000000d5580000)
  object space 68608K, 7% used [0x0000000080000000,0x00000000804c8608,0x0000000084300000)
 Metaspace       used 9467K, committed 9792K, reserved 1114112K
  class space    used 1009K, committed 1152K, reserved 1048576K
}
Event: 27.493 GC heap before
{Heap before GC invocations=4 (full 0):
 PSYoungGen      total 29696K, used 29687K [0x00000000d5580000, 0x00000000d7680000, 0x0000000100000000)
  eden space 25600K, 100% used [0x00000000d5580000,0x00000000d6e80000,0x00000000d6e80000)
  from space 4096K, 99% used [0x00000000d6e80000,0x00000000d727dd28,0x00000000d7280000)
  to   space 4096K, 0% used [0x00000000d7280000,0x00000000d7280000,0x00000000d7680000)
 ParOldGen       total 68608K, used 4897K [0x0000000080000000, 0x0000000084300000, 0x00000000d5580000)
  object space 68608K, 7% used [0x0000000080000000,0x00000000804c8608,0x0000000084300000)
 Metaspace       used 11612K, committed 12032K, reserved 1114112K
  class space    used 1221K, committed 1408K, reserved 1048576K
}
Event: 27.497 GC heap after
{Heap after GC invocations=4 (full 0):
 PSYoungGen      total 29696K, used 4081K [0x00000000d5580000, 0x00000000d7680000, 0x0000000100000000)
  eden space 25600K, 0% used [0x00000000d5580000,0x00000000d5580000,0x00000000d6e80000)
  from space 4096K, 99% used [0x00000000d7280000,0x00000000d767c6b0,0x00000000d7680000)
  to   space 4096K, 0% used [0x00000000d6e80000,0x00000000d6e80000,0x00000000d7280000)
 ParOldGen       total 68608K, used 6904K [0x0000000080000000, 0x0000000084300000, 0x00000000d5580000)
  object space 68608K, 10% used [0x0000000080000000,0x00000000806be3b0,0x0000000084300000)
 Metaspace       used 11612K, committed 12032K, reserved 1114112K
  class space    used 1221K, committed 1408K, reserved 1048576K
}
Event: 28.011 GC heap before
{Heap before GC invocations=5 (full 0):
 PSYoungGen      total 29696K, used 29681K [0x00000000d5580000, 0x00000000d7680000, 0x0000000100000000)
  eden space 25600K, 100% used [0x00000000d5580000,0x00000000d6e80000,0x00000000d6e80000)
  from space 4096K, 99% used [0x00000000d7280000,0x00000000d767c6b0,0x00000000d7680000)
  to   space 4096K, 0% used [0x00000000d6e80000,0x00000000d6e80000,0x00000000d7280000)
 ParOldGen       total 68608K, used 6904K [0x0000000080000000, 0x0000000084300000, 0x00000000d5580000)
  object space 68608K, 10% used [0x0000000080000000,0x00000000806be3b0,0x0000000084300000)
 Metaspace       used 15498K, committed 16192K, reserved 1114112K
  class space    used 1609K, committed 1920K, reserved 1048576K
}
Event: 28.015 GC heap after
{Heap after GC invocations=5 (full 0):
 PSYoungGen      total 29184K, used 4077K [0x00000000d5580000, 0x00000000d7900000, 0x0000000100000000)
  eden space 25088K, 0% used [0x00000000d5580000,0x00000000d5580000,0x00000000d6e00000)
  from space 4096K, 99% used [0x00000000d6e80000,0x00000000d727b6b8,0x00000000d7280000)
  to   space 5632K, 0% used [0x00000000d7380000,0x00000000d7380000,0x00000000d7900000)
 ParOldGen       total 68608K, used 8021K [0x0000000080000000, 0x0000000084300000, 0x00000000d5580000)
  object space 68608K, 11% used [0x0000000080000000,0x00000000807d54b0,0x0000000084300000)
 Metaspace       used 15498K, committed 16192K, reserved 1114112K
  class space    used 1609K, committed 1920K, reserved 1048576K
}
Event: 28.439 GC heap before
{Heap before GC invocations=6 (full 0):
 PSYoungGen      total 29184K, used 29165K [0x00000000d5580000, 0x00000000d7900000, 0x0000000100000000)
  eden space 25088K, 100% used [0x00000000d5580000,0x00000000d6e00000,0x00000000d6e00000)
  from space 4096K, 99% used [0x00000000d6e80000,0x00000000d727b6b8,0x00000000d7280000)
  to   space 5632K, 0% used [0x00000000d7380000,0x00000000d7380000,0x00000000d7900000)
 ParOldGen       total 68608K, used 8021K [0x0000000080000000, 0x0000000084300000, 0x00000000d5580000)
  object space 68608K, 11% used [0x0000000080000000,0x00000000807d54b0,0x0000000084300000)
 Metaspace       used 18554K, committed 19328K, reserved 1114112K
  class space    used 1961K, committed 2304K, reserved 1048576K
}
Event: 28.444 GC heap after
{Heap after GC invocations=6 (full 0):
 PSYoungGen      total 29696K, used 5039K [0x00000000d5580000, 0x00000000d7880000, 0x0000000100000000)
  eden space 24576K, 0% used [0x00000000d5580000,0x00000000d5580000,0x00000000d6d80000)
  from space 5120K, 98% used [0x00000000d7380000,0x00000000d786bf60,0x00000000d7880000)
  to   space 5632K, 0% used [0x00000000d6d80000,0x00000000d6d80000,0x00000000d7300000)
 ParOldGen       total 68608K, used 8029K [0x0000000080000000, 0x0000000084300000, 0x00000000d5580000)
  object space 68608K, 11% used [0x0000000080000000,0x00000000807d74b0,0x0000000084300000)
 Metaspace       used 18554K, committed 19328K, reserved 1114112K
  class space    used 1961K, committed 2304K, reserved 1048576K
}
Event: 28.742 GC heap before
{Heap before GC invocations=7 (full 0):
 PSYoungGen      total 29696K, used 25284K [0x00000000d5580000, 0x00000000d7880000, 0x0000000100000000)
  eden space 24576K, 82% used [0x00000000d5580000,0x00000000d6945470,0x00000000d6d80000)
  from space 5120K, 98% used [0x00000000d7380000,0x00000000d786bf60,0x00000000d7880000)
  to   space 5632K, 0% used [0x00000000d6d80000,0x00000000d6d80000,0x00000000d7300000)
 ParOldGen       total 68608K, used 8029K [0x0000000080000000, 0x0000000084300000, 0x00000000d5580000)
  object space 68608K, 11% used [0x0000000080000000,0x00000000807d74b0,0x0000000084300000)
 Metaspace       used 20608K, committed 21504K, reserved 1114112K
  class space    used 2207K, committed 2624K, reserved 1048576K
}
Event: 28.747 GC heap after
{Heap after GC invocations=7 (full 0):
 PSYoungGen      total 29184K, used 4497K [0x00000000d5580000, 0x00000000d7780000, 0x0000000100000000)
  eden space 24576K, 0% used [0x00000000d5580000,0x00000000d5580000,0x00000000d6d80000)
  from space 4608K, 97% used [0x00000000d6d80000,0x00000000d71e4440,0x00000000d7200000)
  to   space 5120K, 0% used [0x00000000d7280000,0x00000000d7280000,0x00000000d7780000)
 ParOldGen       total 68608K, used 9689K [0x0000000080000000, 0x0000000084300000, 0x00000000d5580000)
  object space 68608K, 14% used [0x0000000080000000,0x0000000080976488,0x0000000084300000)
 Metaspace       used 20608K, committed 21504K, reserved 1114112K
  class space    used 2207K, committed 2624K, reserved 1048576K
}
Event: 28.747 GC heap before
{Heap before GC invocations=8 (full 1):
 PSYoungGen      total 29184K, used 4497K [0x00000000d5580000, 0x00000000d7780000, 0x0000000100000000)
  eden space 24576K, 0% used [0x00000000d5580000,0x00000000d5580000,0x00000000d6d80000)
  from space 4608K, 97% used [0x00000000d6d80000,0x00000000d71e4440,0x00000000d7200000)
  to   space 5120K, 0% used [0x00000000d7280000,0x00000000d7280000,0x00000000d7780000)
 ParOldGen       total 68608K, used 9689K [0x0000000080000000, 0x0000000084300000, 0x00000000d5580000)
  object space 68608K, 14% used [0x0000000080000000,0x0000000080976488,0x0000000084300000)
 Metaspace       used 20608K, committed 21504K, reserved 1114112K
  class space    used 2207K, committed 2624K, reserved 1048576K
}
Event: 28.779 GC heap after
{Heap after GC invocations=8 (full 1):
 PSYoungGen      total 29184K, used 0K [0x00000000d5580000, 0x00000000d7780000, 0x0000000100000000)
  eden space 24576K, 0% used [0x00000000d5580000,0x00000000d5580000,0x00000000d6d80000)
  from space 4608K, 0% used [0x00000000d6d80000,0x00000000d6d80000,0x00000000d7200000)
  to   space 5120K, 0% used [0x00000000d7280000,0x00000000d7280000,0x00000000d7780000)
 ParOldGen       total 68608K, used 13479K [0x0000000080000000, 0x0000000084300000, 0x00000000d5580000)
  object space 68608K, 19% used [0x0000000080000000,0x0000000080d29ff8,0x0000000084300000)
 Metaspace       used 20595K, committed 21504K, reserved 1114112K
  class space    used 2203K, committed 2624K, reserved 1048576K
}
Event: 29.031 GC heap before
{Heap before GC invocations=9 (full 1):
 PSYoungGen      total 29184K, used 24576K [0x00000000d5580000, 0x00000000d7780000, 0x0000000100000000)
  eden space 24576K, 100% used [0x00000000d5580000,0x00000000d6d80000,0x00000000d6d80000)
  from space 4608K, 0% used [0x00000000d6d80000,0x00000000d6d80000,0x00000000d7200000)
  to   space 5120K, 0% used [0x00000000d7280000,0x00000000d7280000,0x00000000d7780000)
 ParOldGen       total 68608K, used 13479K [0x0000000080000000, 0x0000000084300000, 0x00000000d5580000)
  object space 68608K, 19% used [0x0000000080000000,0x0000000080d29ff8,0x0000000084300000)
 Metaspace       used 22689K, committed 23680K, reserved 1114112K
  class space    used 2385K, committed 2816K, reserved 1048576K
}
Event: 29.033 GC heap after
{Heap after GC invocations=9 (full 1):
 PSYoungGen      total 25600K, used 1166K [0x00000000d5580000, 0x00000000d7400000, 0x0000000100000000)
  eden space 24064K, 0% used [0x00000000d5580000,0x00000000d5580000,0x00000000d6d00000)
  from space 1536K, 75% used [0x00000000d7280000,0x00000000d73a3920,0x00000000d7400000)
  to   space 2560K, 0% used [0x00000000d6f00000,0x00000000d6f00000,0x00000000d7180000)
 ParOldGen       total 68608K, used 13487K [0x0000000080000000, 0x0000000084300000, 0x00000000d5580000)
  object space 68608K, 19% used [0x0000000080000000,0x0000000080d2bff8,0x0000000084300000)
 Metaspace       used 22689K, committed 23680K, reserved 1114112K
  class space    used 2385K, committed 2816K, reserved 1048576K
}

Dll operation events (10 events):
Event: 0.030 Loaded shared library c:\Users\divak\.vscode\extensions\redhat.java-1.54.0-win32-x64\jre\21.0.10-win32-x86_64\bin\java.dll
Event: 0.151 Loaded shared library c:\Users\divak\.vscode\extensions\redhat.java-1.54.0-win32-x64\jre\21.0.10-win32-x86_64\bin\zip.dll
Event: 0.178 Loaded shared library C:\Users\divak\.vscode\extensions\redhat.java-1.54.0-win32-x64\jre\21.0.10-win32-x86_64\bin\instrument.dll
Event: 0.186 Loaded shared library C:\Users\divak\.vscode\extensions\redhat.java-1.54.0-win32-x64\jre\21.0.10-win32-x86_64\bin\net.dll
Event: 0.189 Loaded shared library C:\Users\divak\.vscode\extensions\redhat.java-1.54.0-win32-x64\jre\21.0.10-win32-x86_64\bin\nio.dll
Event: 0.194 Loaded shared library C:\Users\divak\.vscode\extensions\redhat.java-1.54.0-win32-x64\jre\21.0.10-win32-x86_64\bin\zip.dll
Event: 0.222 Loaded shared library C:\Users\divak\.vscode\extensions\redhat.java-1.54.0-win32-x64\jre\21.0.10-win32-x86_64\bin\jimage.dll
Event: 0.357 Loaded shared library c:\Users\divak\.vscode\extensions\redhat.java-1.54.0-win32-x64\jre\21.0.10-win32-x86_64\bin\verify.dll
Event: 13.461 Loaded shared library C:\Users\divak\AppData\Roaming\Code\User\globalStorage\redhat.java\1.54.0\config_win\org.eclipse.equinox.launcher\org.eclipse.equinox.launcher.win32.win32.x86_64_1.3.0.v20260203-2149\eclipse_11919.dll
Event: 28.161 Loaded shared library C:\Users\divak\AppData\Local\Temp\jna-95596667\jna11769788499722132112.dll

Deoptimization events (20 events):
Event: 28.805 Thread 0x000002c586180dd0 Uncommon trap: trap_request=0xffffff45 fr.pc=0x000002c533ae9dcc relative=0x00000000000001ac
Event: 28.805 Thread 0x000002c586180dd0 Uncommon trap: reason=unstable_if action=reinterpret pc=0x000002c533ae9dcc method=jdk.internal.org.objectweb.asm.Frame.push(I)V @ 26 c2
Event: 28.805 Thread 0x000002c586180dd0 DEOPT PACKING pc=0x000002c533ae9dcc sp=0x000000e5835f1810
Event: 28.805 Thread 0x000002c586180dd0 DEOPT UNPACKING pc=0x000002c5333f6da2 sp=0x000000e5835f1798 mode 2
Event: 28.963 Thread 0x000002c586180dd0 Uncommon trap: trap_request=0xffffff45 fr.pc=0x000002c533afe498 relative=0x0000000000000898
Event: 28.963 Thread 0x000002c586180dd0 Uncommon trap: reason=unstable_if action=reinterpret pc=0x000002c533afe498 method=org.lombokweb.asm.ClassReader.readUTF8(I[C)Ljava/lang/String; @ 11 c2
Event: 28.963 Thread 0x000002c586180dd0 DEOPT PACKING pc=0x000002c533afe498 sp=0x000000e5835ef8a0
Event: 28.963 Thread 0x000002c586180dd0 DEOPT UNPACKING pc=0x000002c5333f6da2 sp=0x000000e5835ef8a8 mode 2
Event: 29.019 Thread 0x000002c586180dd0 DEOPT PACKING pc=0x000002c52c46423e sp=0x000000e5835f9450
Event: 29.019 Thread 0x000002c586180dd0 DEOPT UNPACKING pc=0x000002c5333f78e2 sp=0x000000e5835f8990 mode 0
Event: 29.031 Thread 0x000002c586180dd0 DEOPT PACKING pc=0x000002c52c46423e sp=0x000000e5835f9450
Event: 29.031 Thread 0x000002c586180dd0 DEOPT UNPACKING pc=0x000002c5333f78e2 sp=0x000000e5835f8990 mode 0
Event: 29.199 Thread 0x000002c586180dd0 Uncommon trap: trap_request=0xffffff45 fr.pc=0x000002c533b08da4 relative=0x0000000000000184
Event: 29.199 Thread 0x000002c586180dd0 Uncommon trap: reason=unstable_if action=reinterpret pc=0x000002c533b08da4 method=org.lombokweb.asm.ByteVector.putByteArray([BII)Lorg/lombokweb/asm/ByteVector; @ 20 c2
Event: 29.199 Thread 0x000002c586180dd0 DEOPT PACKING pc=0x000002c533b08da4 sp=0x000000e5835eed60
Event: 29.199 Thread 0x000002c586180dd0 DEOPT UNPACKING pc=0x000002c5333f6da2 sp=0x000000e5835eed30 mode 2
Event: 29.199 Thread 0x000002c586180dd0 Uncommon trap: trap_request=0xffffff45 fr.pc=0x000002c533b08324 relative=0x0000000000000364
Event: 29.199 Thread 0x000002c586180dd0 Uncommon trap: reason=unstable_if action=reinterpret pc=0x000002c533b08324 method=org.lombokweb.asm.Label.resolve([BLorg/lombokweb/asm/ByteVector;I)Z @ 81 c2
Event: 29.199 Thread 0x000002c586180dd0 DEOPT PACKING pc=0x000002c533b08324 sp=0x000000e5835eedf0
Event: 29.199 Thread 0x000002c586180dd0 DEOPT UNPACKING pc=0x000002c5333f6da2 sp=0x000000e5835eecf8 mode 2

Classes loaded (20 events):
Event: 28.907 Loading class java/util/zip/GZIPInputStream
Event: 28.907 Loading class java/util/zip/GZIPInputStream done
Event: 28.925 Loading class java/io/StringReader
Event: 28.926 Loading class java/io/StringReader done
Event: 28.933 Loading class java/net/SocketTimeoutException
Event: 28.933 Loading class java/io/InterruptedIOException
Event: 28.933 Loading class java/io/InterruptedIOException done
Event: 28.933 Loading class java/net/SocketTimeoutException done
Event: 28.933 Loading class java/net/SocketException
Event: 28.933 Loading class java/net/SocketException done
Event: 28.933 Loading class java/net/UnknownHostException
Event: 28.933 Loading class java/net/UnknownHostException done
Event: 28.933 Loading class java/net/ProtocolException
Event: 28.933 Loading class java/net/ProtocolException done
Event: 28.951 Loading class java/lang/ThreadLocal$SuppliedThreadLocal
Event: 28.951 Loading class java/lang/ThreadLocal$SuppliedThreadLocal done
Event: 28.955 Loading class java/io/FileWriter
Event: 28.955 Loading class java/io/FileWriter done
Event: 28.999 Loading class java/lang/NegativeArraySizeException
Event: 29.000 Loading class java/lang/NegativeArraySizeException done

Classes unloaded (7 events):
Event: 28.752 Thread 0x000002c528d2e7e0 Unloading class 0x000002c5411aac00 'java/lang/invoke/LambdaForm$MH+0x000002c5411aac00'
Event: 28.752 Thread 0x000002c528d2e7e0 Unloading class 0x000002c5411aa800 'java/lang/invoke/LambdaForm$MH+0x000002c5411aa800'
Event: 28.752 Thread 0x000002c528d2e7e0 Unloading class 0x000002c5411aa400 'java/lang/invoke/LambdaForm$MH+0x000002c5411aa400'
Event: 28.752 Thread 0x000002c528d2e7e0 Unloading class 0x000002c5411aa000 'java/lang/invoke/LambdaForm$MH+0x000002c5411aa000'
Event: 28.752 Thread 0x000002c528d2e7e0 Unloading class 0x000002c5411a9c00 'java/lang/invoke/LambdaForm$BMH+0x000002c5411a9c00'
Event: 28.752 Thread 0x000002c528d2e7e0 Unloading class 0x000002c5411a9800 'java/lang/invoke/LambdaForm$DMH+0x000002c5411a9800'
Event: 28.752 Thread 0x000002c528d2e7e0 Unloading class 0x000002c5411a8400 'java/lang/invoke/LambdaForm$DMH+0x000002c5411a8400'

Classes redefined (0 events):
No events

Internal exceptions (20 events):
Event: 28.695 Thread 0x000002c586180dd0 Exception <a 'java/lang/NoSuchMethodError'{0x00000000d67700e0}: 'java.lang.Object java.lang.invoke.DirectMethodHandle$Holder.invokeStaticInit(java.lang.Object, java.lang.Object, java.lang.Object, java.lang.Object, java.lang.Object, java.lang.Object, java.lang.Object)'> (0x00000000d67700e0) 
thrown [s\src\hotspot\share\interpreter\linkResolver.cpp, line 773]
Event: 28.696 Thread 0x000002c586180dd0 Exception <a 'java/lang/NoSuchMethodError'{0x00000000d6775880}: 'java.lang.Object java.lang.invoke.Invokers$Holder.invoke_MT(java.lang.Object, java.lang.Object, java.lang.Object, java.lang.Object, java.lang.Object, java.lang.Object, java.lang.Object, java.lang.Object, java.lang.Object)'> (0x00000000d6775880) 
thrown [s\src\hotspot\share\interpreter\linkResolver.cpp, line 773]
Event: 28.699 Thread 0x000002c586180dd0 Exception <a 'java/lang/NoSuchMethodError'{0x00000000d67aa9c8}: 'int java.lang.invoke.DirectMethodHandle$Holder.invokeVirtual(java.lang.Object, java.lang.Object, java.lang.Object)'> (0x00000000d67aa9c8) 
thrown [s\src\hotspot\share\interpreter\linkResolver.cpp, line 773]
Event: 28.699 Thread 0x000002c586180dd0 Exception <a 'java/lang/NoSuchMethodError'{0x00000000d67af960}: 'int java.lang.invoke.DirectMethodHandle$Holder.invokeStaticInit(java.lang.Object, int, int)'> (0x00000000d67af960) 
thrown [s\src\hotspot\share\interpreter\linkResolver.cpp, line 773]
Event: 28.700 Thread 0x000002c586180dd0 Exception <a 'java/lang/NoSuchMethodError'{0x00000000d67b7ce8}: 'int java.lang.invoke.DirectMethodHandle$Holder.invokeStaticInit(java.lang.Object, long, long)'> (0x00000000d67b7ce8) 
thrown [s\src\hotspot\share\interpreter\linkResolver.cpp, line 773]
Event: 28.700 Thread 0x000002c586180dd0 Exception <a 'java/lang/NoSuchMethodError'{0x00000000d67bf6a0}: 'int java.lang.invoke.DirectMethodHandle$Holder.invokeStaticInit(java.lang.Object, float, float)'> (0x00000000d67bf6a0) 
thrown [s\src\hotspot\share\interpreter\linkResolver.cpp, line 773]
Event: 28.701 Thread 0x000002c586180dd0 Exception <a 'java/lang/NoSuchMethodError'{0x00000000d67c7050}: 'int java.lang.invoke.DirectMethodHandle$Holder.invokeStaticInit(java.lang.Object, double, double)'> (0x00000000d67c7050) 
thrown [s\src\hotspot\share\interpreter\linkResolver.cpp, line 773]
Event: 28.701 Thread 0x000002c586180dd0 Exception <a 'java/lang/NoSuchMethodError'{0x00000000d67cc468}: 'int java.lang.invoke.DirectMethodHandle$Holder.invokeStatic(java.lang.Object, long)'> (0x00000000d67cc468) 
thrown [s\src\hotspot\share\interpreter\linkResolver.cpp, line 773]
Event: 28.703 Thread 0x000002c586180dd0 Exception <a 'java/lang/NoSuchMethodError'{0x00000000d67eb150}: 'int java.lang.invoke.Invokers$Holder.linkToTargetMethod(java.lang.Object, java.lang.Object)'> (0x00000000d67eb150) 
thrown [s\src\hotspot\share\interpreter\linkResolver.cpp, line 773]
Event: 28.736 Thread 0x000002c586180dd0 Exception <a 'java/lang/NoSuchMethodError'{0x00000000d68d4368}: 'java.lang.Object java.lang.invoke.Invokers$Holder.invoke_MT(java.lang.Object, java.lang.Object, java.lang.Object, java.lang.Object, java.lang.Object, java.lang.Object, java.lang.Object, java.lang.Object, java.lang.Object, java.lang.Object, java.lang.Object)'> (0x00000000d68d4368) 
thrown [s\src\hotspot\share\interpreter\linkResolver.cpp, line 773]
Event: 28.786 Thread 0x000002c586180dd0 Exception <a 'java/lang/NoSuchMethodError'{0x00000000d55cab00}: 'java.lang.Object java.lang.invoke.Invokers$Holder.invoke_MT(java.lang.Object, java.lang.Object, java.lang.Object, java.lang.Object, java.lang.Object, java.lang.Object, java.lang.Object, java.lang.Object, java.lang.Object, java.lang.Object)'> (0x00000000d55cab00) 
thrown [s\src\hotspot\share\interpreter\linkResolver.cpp, line 773]
Event: 28.797 Thread 0x000002c586180dd0 Exception <a 'java/lang/NoSuchMethodError'{0x00000000d56828a8}: 'java.lang.Object java.lang.invoke.DirectMethodHandle$Holder.newInvokeSpecial(java.lang.Object, java.lang.Object, java.lang.Object, java.lang.Object, java.lang.Object, java.lang.Object, java.lang.Object)'> (0x00000000d56828a8) 
thrown [s\src\hotspot\share\interpreter\linkResolver.cpp, line 773]
Event: 28.806 Thread 0x000002c586180dd0 Exception <a 'java/lang/NoSuchMethodError'{0x00000000d56fa1b0}: 'java.lang.Object java.lang.invoke.Invokers$Holder.invoker(java.lang.Object, java.lang.Object, java.lang.Object, java.lang.Object, java.lang.Object, java.lang.Object, java.lang.Object, java.lang.Object, java.lang.Object, java.lang.Object, java.lang.Object, java.lang.Object, java.lang.Object)'> (0x00000000d56fa1b0) 
thrown [s\src\hotspot\share\interpreter\linkResolver.cpp, line 773]
Event: 28.807 Thread 0x000002c586180dd0 Exception <a 'java/lang/NoSuchMethodError'{0x00000000d5704648}: 'java.lang.Object java.lang.invoke.DelegatingMethodHandle$Holder.delegate(java.lang.Object, java.lang.Object, java.lang.Object, java.lang.Object, java.lang.Object, java.lang.Object, java.lang.Object, java.lang.Object, java.lang.Object, java.lang.Object, java.lang.Object, java.lang.Object, java.lang.Object)'> (0x00000000d5704648) 
thrown [s\src\hotspot\share\interpreter\linkResolver.cpp, line 773]
Event: 28.814 Thread 0x000002c586180dd0 Exception <a 'java/lang/NoSuchMethodError'{0x00000000d57712a8}: static Lorg/eclipse/m2e/core/internal/lifecyclemapping/model/PluginExecutionMetadata;.<clinit>()V> (0x00000000d57712a8) 
thrown [s\src\hotspot\share\prims\jni.cpp, line 1111]
Event: 28.824 Thread 0x000002c586180dd0 Exception <a 'java/lang/NoSuchMethodError'{0x00000000d57d1428}: static Lorg/eclipse/m2e/core/internal/lifecyclemapping/model/PluginExecutionFilter;.<clinit>()V> (0x00000000d57d1428) 
thrown [s\src\hotspot\share\prims\jni.cpp, line 1111]
Event: 28.828 Thread 0x000002c586180dd0 Exception <a 'java/lang/NoSuchMethodError'{0x00000000d5800e30}: static Lorg/eclipse/m2e/core/internal/project/registry/MavenProjectFacade$MavenProjectConfiguration;.<clinit>()V> (0x00000000d5800e30) 
thrown [s\src\hotspot\share\prims\jni.cpp, line 1111]
Event: 28.896 Thread 0x000002c586180dd0 Exception <a 'java/lang/NoSuchMethodError'{0x00000000d5ca5b30}: 'double java.lang.invoke.DirectMethodHandle$Holder.invokeStatic(java.lang.Object, java.lang.Object)'> (0x00000000d5ca5b30) 
thrown [s\src\hotspot\share\interpreter\linkResolver.cpp, line 773]
Event: 28.896 Thread 0x000002c586180dd0 Exception <a 'java/lang/NoSuchMethodError'{0x00000000d5ca91f0}: 'double java.lang.invoke.DirectMethodHandle$Holder.invokeStaticInit(java.lang.Object, java.lang.Object)'> (0x00000000d5ca91f0) 
thrown [s\src\hotspot\share\interpreter\linkResolver.cpp, line 773]
Event: 29.199 Thread 0x000002c586180dd0 Implicit null exception at 0x000002c533b08c75 to 0x000002c533b08d88

ZGC Phase Switch (0 events):
No events

VM Operations (20 events):
Event: 28.111 Executing non-safepoint VM operation: HandshakeAllThreads (Deoptimize)
Event: 28.111 Executing non-safepoint VM operation: HandshakeAllThreads (Deoptimize) done
Event: 28.167 Executing non-safepoint VM operation: HandshakeAllThreads (Deoptimize)
Event: 28.167 Executing non-safepoint VM operation: HandshakeAllThreads (Deoptimize) done
Event: 28.319 Executing non-safepoint VM operation: HandshakeAllThreads (Deoptimize)
Event: 28.319 Executing non-safepoint VM operation: HandshakeAllThreads (Deoptimize) done
Event: 28.346 Executing non-safepoint VM operation: HandshakeAllThreads (Deoptimize)
Event: 28.346 Executing non-safepoint VM operation: HandshakeAllThreads (Deoptimize) done
Event: 28.350 Executing non-safepoint VM operation: HandshakeAllThreads (Deoptimize)
Event: 28.350 Executing non-safepoint VM operation: HandshakeAllThreads (Deoptimize) done
Event: 28.391 Executing safepoint VM operation: ICBufferFull
Event: 28.391 Executing safepoint VM operation: ICBufferFull done
Event: 28.439 Executing safepoint VM operation: ParallelGCFailedAllocation (Allocation Failure)
Event: 28.444 Executing safepoint VM operation: ParallelGCFailedAllocation (Allocation Failure) done
Event: 28.688 Executing non-safepoint VM operation: HandshakeAllThreads (Deoptimize)
Event: 28.688 Executing non-safepoint VM operation: HandshakeAllThreads (Deoptimize) done
Event: 28.742 Executing safepoint VM operation: CollectForMetadataAllocation (Metadata GC Threshold)
Event: 28.779 Executing safepoint VM operation: CollectForMetadataAllocation (Metadata GC Threshold) done
Event: 29.031 Executing safepoint VM operation: ParallelGCFailedAllocation (Allocation Failure)
Event: 29.033 Executing safepoint VM operation: ParallelGCFailedAllocation (Allocation Failure) done

Memory protections (0 events):
No events

Nmethod flushes (0 events):
No events

Events (20 events):
Event: 12.896 Thread 0x000002c528c6eba0 Thread added: 0x000002c5869f34b0
Event: 12.988 Thread 0x000002c5869f34b0 Thread added: 0x000002c586849320
Event: 13.469 Thread 0x000002c528c6eba0 Thread added: 0x000002c586180dd0
Event: 14.041 Thread 0x000002c528c1e3f0 Thread added: 0x000002c586068310
Event: 14.041 Thread 0x000002c528c1e3f0 Thread added: 0x000002c5860689c0
Event: 14.231 Thread 0x000002c5860689c0 Thread exited: 0x000002c5860689c0
Event: 14.650 Thread 0x000002c586068310 Thread exited: 0x000002c586068310
Event: 17.509 Thread 0x000002c528c1e3f0 Thread added: 0x000002c586b67120
Event: 17.578 Thread 0x000002c586180dd0 Thread added: 0x000002c586f49630
Event: 17.866 Thread 0x000002c586b67120 Thread exited: 0x000002c586b67120
Event: 27.478 Thread 0x000002c586180dd0 Thread added: 0x000002c5864b05a0
Event: 27.564 Thread 0x000002c528c1e3f0 Thread added: 0x000002c5867972e0
Event: 27.564 Thread 0x000002c528c1e3f0 Thread added: 0x000002c586229cc0
Event: 27.782 Thread 0x000002c586229cc0 Thread exited: 0x000002c586229cc0
Event: 27.791 Thread 0x000002c5867972e0 Thread exited: 0x000002c5867972e0
Event: 27.831 Thread 0x000002c586180dd0 Thread added: 0x000002c5867976b0
Event: 28.179 Thread 0x000002c586180dd0 Thread added: 0x000002c58705f2e0
Event: 28.202 Thread 0x000002c586180dd0 Thread added: 0x000002c58705e5c0
Event: 28.221 Thread 0x000002c586180dd0 Thread added: 0x000002c58705c4f0
Event: 28.363 Thread 0x000002c528c1e3f0 Thread added: 0x000002c58795f880


Dynamic libraries:
0x00007ff68d4c0000 - 0x00007ff68d4ce000 	c:\Users\divak\.vscode\extensions\redhat.java-1.54.0-win32-x64\jre\21.0.10-win32-x86_64\bin\java.exe
0x00007ffacfde0000 - 0x00007ffad0047000 	C:\WINDOWS\SYSTEM32\ntdll.dll
0x00007fface590000 - 0x00007fface659000 	C:\WINDOWS\System32\KERNEL32.DLL
0x00007ffacd160000 - 0x00007ffacd54f000 	C:\WINDOWS\System32\KERNELBASE.dll
0x00007ffacd8b0000 - 0x00007ffacd9fb000 	C:\WINDOWS\System32\ucrtbase.dll
0x00007ffaaefd0000 - 0x00007ffaaefe8000 	c:\Users\divak\.vscode\extensions\redhat.java-1.54.0-win32-x64\jre\21.0.10-win32-x86_64\bin\jli.dll
0x00007ffaa5590000 - 0x00007ffaa55ae000 	c:\Users\divak\.vscode\extensions\redhat.java-1.54.0-win32-x64\jre\21.0.10-win32-x86_64\bin\VCRUNTIME140.dll
0x00007ffacde20000 - 0x00007ffacdfe5000 	C:\WINDOWS\System32\USER32.dll
0x00007ffacdb50000 - 0x00007ffacdb77000 	C:\WINDOWS\System32\win32u.dll
0x00007ffab31a0000 - 0x00007ffab3433000 	C:\WINDOWS\WinSxS\amd64_microsoft.windows.common-controls_6595b64144ccf1df_6.0.26100.7309_none_3e05feeae336a044\COMCTL32.dll
0x00007fface560000 - 0x00007fface58b000 	C:\WINDOWS\System32\GDI32.dll
0x00007fface660000 - 0x00007fface709000 	C:\WINDOWS\System32\msvcrt.dll
0x00007ffacd780000 - 0x00007ffacd8ac000 	C:\WINDOWS\System32\gdi32full.dll
0x00007ffaccf30000 - 0x00007ffaccfd3000 	C:\WINDOWS\System32\msvcp_win.dll
0x00007ffacf9d0000 - 0x00007ffacfa01000 	C:\WINDOWS\System32\IMM32.DLL
0x00007ffac96b0000 - 0x00007ffac96bc000 	c:\Users\divak\.vscode\extensions\redhat.java-1.54.0-win32-x64\jre\21.0.10-win32-x86_64\bin\vcruntime140_1.dll
0x00007ffa8b730000 - 0x00007ffa8b7bd000 	c:\Users\divak\.vscode\extensions\redhat.java-1.54.0-win32-x64\jre\21.0.10-win32-x86_64\bin\msvcp140.dll
0x00007ffa40090000 - 0x00007ffa40e31000 	c:\Users\divak\.vscode\extensions\redhat.java-1.54.0-win32-x64\jre\21.0.10-win32-x86_64\bin\server\jvm.dll
0x00007ffacdff0000 - 0x00007fface0a4000 	C:\WINDOWS\System32\ADVAPI32.dll
0x00007ffacf920000 - 0x00007ffacf9c6000 	C:\WINDOWS\System32\sechost.dll
0x00007ffaceb00000 - 0x00007ffacec18000 	C:\WINDOWS\System32\RPCRT4.dll
0x00007fface770000 - 0x00007fface7e4000 	C:\WINDOWS\System32\WS2_32.dll
0x00007ffaccd90000 - 0x00007ffaccdee000 	C:\WINDOWS\SYSTEM32\POWRPROF.dll
0x00007ffac3b90000 - 0x00007ffac3bc5000 	C:\WINDOWS\SYSTEM32\WINMM.dll
0x00007ffab8f80000 - 0x00007ffab8f8b000 	C:\WINDOWS\SYSTEM32\VERSION.dll
0x00007ffaccd70000 - 0x00007ffaccd84000 	C:\WINDOWS\SYSTEM32\UMPDC.dll
0x00007ffacbcc0000 - 0x00007ffacbcdb000 	C:\WINDOWS\SYSTEM32\kernel.appcore.dll
0x00007ffabed50000 - 0x00007ffabed5a000 	c:\Users\divak\.vscode\extensions\redhat.java-1.54.0-win32-x64\jre\21.0.10-win32-x86_64\bin\jimage.dll
0x00007ffac9a00000 - 0x00007ffac9c42000 	C:\WINDOWS\SYSTEM32\DBGHELP.DLL
0x00007ffacfa10000 - 0x00007ffacfd96000 	C:\WINDOWS\System32\combase.dll
0x00007ffacec20000 - 0x00007ffacecf6000 	C:\WINDOWS\System32\OLEAUT32.dll
0x00007ffaa74c0000 - 0x00007ffaa74fc000 	C:\WINDOWS\SYSTEM32\dbgcore.DLL
0x00007ffacd6d0000 - 0x00007ffacd775000 	C:\WINDOWS\System32\bcryptPrimitives.dll
0x00007ffabd2a0000 - 0x00007ffabd2af000 	c:\Users\divak\.vscode\extensions\redhat.java-1.54.0-win32-x64\jre\21.0.10-win32-x86_64\bin\instrument.dll
0x00007ffaa5570000 - 0x00007ffaa5590000 	c:\Users\divak\.vscode\extensions\redhat.java-1.54.0-win32-x64\jre\21.0.10-win32-x86_64\bin\java.dll
0x00007ffacf0c0000 - 0x00007ffacf813000 	C:\WINDOWS\System32\SHELL32.dll
0x00007ffacd560000 - 0x00007ffacd6ca000 	C:\WINDOWS\System32\wintypes.dll
0x00007ffacaaf0000 - 0x00007ffacb34e000 	C:\WINDOWS\SYSTEM32\windows.storage.dll
0x00007ffacefc0000 - 0x00007ffacf0b5000 	C:\WINDOWS\System32\SHCORE.dll
0x00007ffacede0000 - 0x00007ffacee46000 	C:\WINDOWS\System32\shlwapi.dll
0x00007ffacce50000 - 0x00007ffacce79000 	C:\WINDOWS\SYSTEM32\profapi.dll
0x00007ffa9d010000 - 0x00007ffa9d028000 	c:\Users\divak\.vscode\extensions\redhat.java-1.54.0-win32-x64\jre\21.0.10-win32-x86_64\bin\zip.dll
0x00007ffabd140000 - 0x00007ffabd150000 	C:\Users\divak\.vscode\extensions\redhat.java-1.54.0-win32-x64\jre\21.0.10-win32-x86_64\bin\net.dll
0x00007ffabf250000 - 0x00007ffabf378000 	C:\WINDOWS\SYSTEM32\WINHTTP.dll
0x00007ffacc250000 - 0x00007ffacc2bb000 	C:\WINDOWS\system32\mswsock.dll
0x00007ffa9cd00000 - 0x00007ffa9cd16000 	C:\Users\divak\.vscode\extensions\redhat.java-1.54.0-win32-x64\jre\21.0.10-win32-x86_64\bin\nio.dll
0x00007ffaba4f0000 - 0x00007ffaba500000 	c:\Users\divak\.vscode\extensions\redhat.java-1.54.0-win32-x64\jre\21.0.10-win32-x86_64\bin\verify.dll
0x00007ffa8a1f0000 - 0x00007ffa8a235000 	C:\Users\divak\AppData\Roaming\Code\User\globalStorage\redhat.java\1.54.0\config_win\org.eclipse.equinox.launcher\org.eclipse.equinox.launcher.win32.win32.x86_64_1.3.0.v20260203-2149\eclipse_11919.dll
0x00007fface960000 - 0x00007ffaceaf7000 	C:\WINDOWS\System32\ole32.dll
0x00007ffacc510000 - 0x00007ffacc52b000 	C:\WINDOWS\SYSTEM32\CRYPTSP.dll
0x00007ffacbc20000 - 0x00007ffacbc5a000 	C:\WINDOWS\system32\rsaenh.dll
0x00007ffacc300000 - 0x00007ffacc32b000 	C:\WINDOWS\SYSTEM32\USERENV.dll
0x00007ffacce20000 - 0x00007ffacce4a000 	C:\WINDOWS\SYSTEM32\bcrypt.dll
0x00007ffacc530000 - 0x00007ffacc53c000 	C:\WINDOWS\SYSTEM32\CRYPTBASE.dll
0x00007ffacb6a0000 - 0x00007ffacb6d4000 	C:\WINDOWS\SYSTEM32\IPHLPAPI.DLL
0x00007fface540000 - 0x00007fface54a000 	C:\WINDOWS\System32\NSI.dll
0x00007ffa88e90000 - 0x00007ffa88ed9000 	C:\Users\divak\AppData\Local\Temp\jna-95596667\jna11769788499722132112.dll
0x00007ffaced30000 - 0x00007ffaced38000 	C:\WINDOWS\System32\PSAPI.DLL

JVMTI agents:
c:\Users\divak\.vscode\extensions\redhat.java-1.54.0-win32-x64\lombok\lombok-1.18.39-4050.jar path:c:\Users\divak\.vscode\extensions\redhat.java-1.54.0-win32-x64\jre\21.0.10-win32-x86_64\bin\instrument.dll, loaded, initialized, instrumentlib options:none

dbghelp: loaded successfully - version: 4.0.5 - missing functions: none
symbol engine: initialized successfully - sym options: 0x614 - pdb path: .;c:\Users\divak\.vscode\extensions\redhat.java-1.54.0-win32-x64\jre\21.0.10-win32-x86_64\bin;C:\WINDOWS\SYSTEM32;C:\WINDOWS\WinSxS\amd64_microsoft.windows.common-controls_6595b64144ccf1df_6.0.26100.7309_none_3e05feeae336a044;c:\Users\divak\.vscode\extensions\redhat.java-1.54.0-win32-x64\jre\21.0.10-win32-x86_64\bin\server;C:\Users\divak\AppData\Roaming\Code\User\globalStorage\redhat.java\1.54.0\config_win\org.eclipse.equinox.launcher\org.eclipse.equinox.launcher.win32.win32.x86_64_1.3.0.v20260203-2149;C:\Users\divak\AppData\Local\Temp\jna-95596667

VM Arguments:
jvm_args: --add-modules=ALL-SYSTEM --add-opens=java.base/java.util=ALL-UNNAMED --add-opens=java.base/java.lang=ALL-UNNAMED --add-opens=java.base/sun.nio.fs=ALL-UNNAMED -Declipse.application=org.eclipse.jdt.ls.core.id1 -Dosgi.bundles.defaultStartLevel=4 -Declipse.product=org.eclipse.jdt.ls.core.product -Djava.import.generatesMetadataFilesAtProjectRoot=false -DDetectVMInstallationsJob.disabled=true -Dfile.encoding=utf8 -XX:+UseParallelGC -XX:GCTimeRatio=4 -XX:AdaptiveSizePolicyWeight=90 -Dsun.zip.disableMemoryMapping=true -Xmx2G -Xms100m -Xlog:disable -javaagent:c:\Users\divak\.vscode\extensions\redhat.java-1.54.0-win32-x64\lombok\lombok-1.18.39-4050.jar -XX:+HeapDumpOnOutOfMemoryError -XX:HeapDumpPath=c:\Users\divak\AppData\Roaming\Code\User\workspaceStorage\28c185f7beae44aea89ad2616f76689d\redhat.java -Daether.dependencyCollector.impl=bf 
java_command: c:\Users\divak\.vscode\extensions\redhat.java-1.54.0-win32-x64\server\plugins\org.eclipse.equinox.launcher_1.7.100.v20251111-0406.jar -configuration c:\Users\divak\AppData\Roaming\Code\User\globalStorage\redhat.java\1.54.0\config_win -data c:\Users\divak\AppData\Roaming\Code\User\workspaceStorage\28c185f7beae44aea89ad2616f76689d\redhat.java\jdt_ws --pipe=\\.\pipe\lsp-2c5a484284a2cf500aee35c0300fb083-sock
java_class_path (initial): c:\Users\divak\.vscode\extensions\redhat.java-1.54.0-win32-x64\server\plugins\org.eclipse.equinox.launcher_1.7.100.v20251111-0406.jar
Launcher Type: SUN_STANDARD

[Global flags]
    uintx AdaptiveSizePolicyWeight                 = 90                                        {product} {command line}
     intx CICompilerCount                          = 4                                         {product} {ergonomic}
    uintx GCTimeRatio                              = 4                                         {product} {command line}
     bool HeapDumpOnOutOfMemoryError               = true                                   {manageable} {command line}
    ccstr HeapDumpPath                             = c:\Users\divak\AppData\Roaming\Code\User\workspaceStorage\28c185f7beae44aea89ad2616f76689d\redhat.java         {manageable} {command line}
   size_t InitialHeapSize                          = 104857600                                 {product} {command line}
   size_t MaxHeapSize                              = 2147483648                                {product} {command line}
   size_t MaxNewSize                               = 715653120                                 {product} {ergonomic}
   size_t MinHeapDeltaBytes                        = 524288                                    {product} {ergonomic}
   size_t MinHeapSize                              = 104857600                                 {product} {command line}
   size_t NewSize                                  = 34603008                                  {product} {ergonomic}
    uintx NonNMethodCodeHeapSize                   = 5839372                                {pd product} {ergonomic}
    uintx NonProfiledCodeHeapSize                  = 122909434                              {pd product} {ergonomic}
   size_t OldSize                                  = 70254592                                  {product} {ergonomic}
    uintx ProfiledCodeHeapSize                     = 122909434                              {pd product} {ergonomic}
    uintx ReservedCodeCacheSize                    = 251658240                              {pd product} {ergonomic}
     bool SegmentedCodeCache                       = true                                      {product} {ergonomic}
   size_t SoftMaxHeapSize                          = 2147483648                             {manageable} {ergonomic}
     bool UseCompressedOops                        = true                           {product lp64_product} {ergonomic}
     bool UseLargePagesIndividualAllocation        = false                                  {pd product} {ergonomic}
     bool UseParallelGC                            = true                                      {product} {command line}

Logging:
Log output configuration:
 #0: stdout all=off uptime,level,tags foldmultilines=false
 #1: stderr all=off uptime,level,tags foldmultilines=false

Release file:
JAVA_VERSION="21.0.10" 
MODULES="java.base java.compiler java.datatransfer java.xml java.prefs java.desktop java.instrument java.logging java.management java.security.sasl java.naming java.rmi java.management.rmi java.net.http java.scripting java.security.jgss java.transaction.xa java.sql java.sql.rowset java.xml.crypto java.se java.smartcardio jdk.accessibility jdk.internal.jvmstat jdk.attach jdk.charsets jdk.internal.opt jdk.zipfs jdk.compiler jdk.crypto.ec jdk.crypto.cryptoki jdk.crypto.mscapi jdk.dynalink jdk.internal.ed jdk.editpad jdk.hotspot.agent jdk.httpserver jdk.internal.le jdk.internal.vm.ci jdk.internal.vm.compiler jdk.internal.vm.compiler.management jdk.jartool jdk.javadoc jdk.jcmd jdk.management jdk.management.agent jdk.jconsole jdk.jdeps jdk.jdwp.agent jdk.jdi jdk.jfr jdk.jshell jdk.jsobject jdk.jstatd jdk.localedata jdk.management.jfr jdk.naming.dns jdk.naming.rmi jdk.net jdk.nio.mapmode jdk.random jdk.sctp jdk.security.auth jdk.security.jgss jdk.unsupported jdk.unsupported.desktop jdk.xml.dom" 

Environment Variables:
PATH=C:\Users\divak\AppData\Local\Programs\Microsoft VS Code;C:\Program Files\Common Files\Oracle\Java\javapath;C:\Windows\system32;C:\Windows;C:\Windows\System32\Wbem;C:\Windows\System32\WindowsPowerShell\v1.0\;C:\Windows\System32\OpenSSH\;C:\Program Files (x86)\NVIDIA Corporation\PhysX\Common;C:\Program Files\NVIDIA Corporation\NVIDIA NvDLISR;C:\WINDOWS\system32;C:\WINDOWS;C:\WINDOWS\System32\Wbem;C:\WINDOWS\System32\WindowsPowerShell\v1.0\;C:\WINDOWS\System32\OpenSSH\;C:\Program Files (x86)\Microsoft SQL Server\170\Tools\Binn\;C:\Program Files\Microsoft SQL Server\170\Tools\Binn\;C:\Program Files\Microsoft SQL Server\Client SDK\ODBC\180\Tools\Binn\;C:\Program Files\Microsoft SQL Server\170\DTS\Binn\;C:\Program Files\nodejs\;C:\Users\divak\AppData\Local\Microsoft\WindowsApps;C:\Users\divak\AppData\Local\Programs\Microsoft VS Code\bin;C:\Users\divak\AppData\Roaming\npm
USERNAME=divak
OS=Windows_NT
PROCESSOR_IDENTIFIER=Intel64 Family 6 Model 140 Stepping 1, GenuineIntel
TMP=C:\Users\divak\AppData\Local\Temp
TEMP=C:\Users\divak\AppData\Local\Temp




Periodic native trim disabled

---------------  S Y S T E M  ---------------

OS:
 Windows 11 , 64 bit Build 26100 (10.0.26100.7623)
OS uptime: 0 days 6:40 hours
Hyper-V role detected

CPU: total 8 (initial active 8) (4 cores per cpu, 2 threads per core) family 6 model 140 stepping 1 microcode 0xa4, cx8, cmov, fxsr, ht, mmx, 3dnowpref, sse, sse2, sse3, ssse3, sse4.1, sse4.2, popcnt, lzcnt, tsc, tscinvbit, avx, avx2, aes, erms, clmul, bmi1, bmi2, adx, avx512f, avx512dq, avx512cd, avx512bw, avx512vl, sha, fma, vzeroupper, avx512_vpopcntdq, avx512_vpclmulqdq, avx512_vaes, avx512_vnni, clflush, clflushopt, clwb, avx512_vbmi2, avx512_vbmi, hv, rdtscp, rdpid, fsrm, gfni, avx512_bitalg, f16c, cet_ibt, cet_ss, avx512_ifma
Processor Information for the first 8 processors :
  Max Mhz: 3110, Current Mhz: 3110, Mhz Limit: 3110

Memory: 4k page, system-wide physical 7975M (704M free)
TotalPageFile size 14310M (AvailPageFile size 0M)
current process WorkingSet (physical memory assigned to process): 151M, peak: 151M
current process commit charge ("private bytes"): 290M, peak: 291M

vm_info: OpenJDK 64-Bit Server VM (21.0.10+7-LTS) for windows-amd64 JRE (21.0.10+7-LTS), built on 2026-01-20T00:00:00Z by "admin" with MS VC++ 17.12 (VS2022)

END.
