#
# There is insufficient memory for the Java Runtime Environment to continue.
# Native memory allocation (malloc) failed to allocate 1142896 bytes. Error detail: Chunk::new
# Possible reasons:
#   The system is out of physical RAM or swap space
#   This process is running with CompressedOops enabled, and the Java Heap may be blocking the growth of the native heap
# Possible solutions:
#   Reduce memory load on the system
#   Increase physical memory or swap space
#   Check if swap backing store is full
#   Decrease Java heap size (-Xmx/-Xms)
#   Decrease number of Java threads
#   Decrease Java thread stack sizes (-Xss)
#   Set larger code cache with -XX:ReservedCodeCacheSize=
#   JVM is running with Unscaled Compressed Oops mode in which the Java heap is
#     placed in the first 4GB address space. The Java Heap base address is the
#     maximum limit for the native heap growth. Please use -XX:HeapBaseMinAddress
#     to set the Java Heap base and to place the Java Heap above 4GB virtual address.
# This output file may be truncated or incomplete.
#
#  Out of Memory Error (arena.cpp:168), pid=5808, tid=14604
#
# JRE version: OpenJDK Runtime Environment Temurin-21.0.10+7 (21.0.10+7) (build 21.0.10+7-LTS)
# Java VM: OpenJDK 64-Bit Server VM Temurin-21.0.10+7 (21.0.10+7-LTS, mixed mode, sharing, tiered, compressed oops, compressed class ptrs, parallel gc, windows-amd64)
# No core dump will be written. Minidumps are not enabled by default on client versions of Windows
#

---------------  S U M M A R Y ------------

Command Line: --add-modules=ALL-SYSTEM --add-opens=java.base/java.util=ALL-UNNAMED --add-opens=java.base/java.lang=ALL-UNNAMED --add-opens=java.base/sun.nio.fs=ALL-UNNAMED -Declipse.application=org.eclipse.jdt.ls.core.id1 -Dosgi.bundles.defaultStartLevel=4 -Declipse.product=org.eclipse.jdt.ls.core.product -Djava.import.generatesMetadataFilesAtProjectRoot=false -DDetectVMInstallationsJob.disabled=true -Dfile.encoding=utf8 -XX:+UseParallelGC -XX:GCTimeRatio=4 -XX:AdaptiveSizePolicyWeight=90 -Dsun.zip.disableMemoryMapping=true -Xmx2G -Xms100m -Xlog:disable -javaagent:c:\Users\divak\.vscode\extensions\redhat.java-1.54.0-win32-x64\lombok\lombok-1.18.39-4050.jar -XX:+HeapDumpOnOutOfMemoryError -XX:HeapDumpPath=c:\Users\divak\AppData\Roaming\Code\User\workspaceStorage\28c185f7beae44aea89ad2616f76689d\redhat.java -Daether.dependencyCollector.impl=bf c:\Users\divak\.vscode\extensions\redhat.java-1.54.0-win32-x64\server\plugins\org.eclipse.equinox.launcher_1.7.100.v20251111-0406.jar -configuration c:\Users\divak\AppData\Roaming\Code\User\globalStorage\redhat.java\1.54.0\config_win -data c:\Users\divak\AppData\Roaming\Code\User\workspaceStorage\28c185f7beae44aea89ad2616f76689d\redhat.java\jdt_ws --pipe=\\.\pipe\lsp-35e97ff12d5a13b08657a96c9dca21de-sock

Host: 11th Gen Intel(R) Core(TM) i5-11300H @ 3.10GHz, 8 cores, 7G,  Windows 11 , 64 bit Build 26100 (10.0.26100.7623)
Time: Tue May 12 10:49:24 2026 India Standard Time elapsed time: 1304.071176 seconds (0d 0h 21m 44s)

---------------  T H R E A D  ---------------

Current thread (0x000002114a357290):  JavaThread "C2 CompilerThread0" daemon [_thread_in_native, id=14604, stack(0x000000c792600000,0x000000c792700000) (1024K)]


Current CompileTask:
C2:1304071 20374 % !   4       org.eclipse.jdt.internal.core.NameLookup::<init> @ 173 (805 bytes)

Stack: [0x000000c792600000,0x000000c792700000]
Native frames: (J=compiled Java code, j=interpreted, Vv=VM code, C=native code)
V  [jvm.dll+0x6d7a39]
V  [jvm.dll+0x8b4b26]
V  [jvm.dll+0x8b70de]
V  [jvm.dll+0x8b77c3]
V  [jvm.dll+0x284346]
V  [jvm.dll+0xc66ed]
V  [jvm.dll+0xc6c31]
V  [jvm.dll+0x3bec01]
V  [jvm.dll+0x38b162]
V  [jvm.dll+0x38a5aa]
V  [jvm.dll+0x24c560]
V  [jvm.dll+0x24bb40]
V  [jvm.dll+0x1cb34e]
V  [jvm.dll+0x25b85d]
V  [jvm.dll+0x259dea]
V  [jvm.dll+0x3f857e]
V  [jvm.dll+0x85f59d]
V  [jvm.dll+0x6d626d]
C  [ucrtbase.dll+0x37b0]
C  [KERNEL32.DLL+0x2e8d7]
C  [ntdll.dll+0x8c53c]


---------------  P R O C E S S  ---------------

Threads class SMR info:
_java_thread_list=0x00000211912c1a40, length=52, elements={
0x00000211338d3bf0, 0x000002114a33c520, 0x000002114a33ea60, 0x000002114a3425d0,
0x000002114a343230, 0x000002114a347300, 0x000002114a34b490, 0x000002114a357290,
0x000002114a35bee0, 0x00000211911ba830, 0x00000211913618d0, 0x000002119178b3a0,
0x00000211917a9f10, 0x0000021191b823f0, 0x0000021191b8d020, 0x0000021191508c70,
0x0000021191285c00, 0x0000021191bc2d90, 0x00000211922c8550, 0x00000211922ca620,
0x00000211922cacb0, 0x0000021193b75a20, 0x0000021193b75390, 0x0000021193b760b0,
0x0000021193b74d00, 0x0000021193b78180, 0x0000021193b79bc0, 0x0000021193b78810,
0x0000021193b78ea0, 0x0000021193b77460, 0x0000021193b76dd0, 0x0000021193b76740,
0x00000211954e2210, 0x0000021195876a70, 0x00000211958784b0, 0x00000211954e3c50,
0x00000211954e1b80, 0x00000211954e8480, 0x000002119293ea90, 0x000002119293e400,
0x00000211929425a0, 0x000002119293f120, 0x0000021192942c30, 0x00000211929432c0,
0x0000021192944670, 0x0000021192944d00, 0x0000021192943950, 0x0000021192945390,
0x00000211929404d0, 0x0000021192943fe0, 0x0000021192941f10, 0x00000211958791d0
}

Java Threads: ( => current thread )
  0x00000211338d3bf0 JavaThread "main"                              [_thread_blocked, id=8440, stack(0x000000c791c00000,0x000000c791d00000) (1024K)]
  0x000002114a33c520 JavaThread "Reference Handler"          daemon [_thread_blocked, id=15828, stack(0x000000c792000000,0x000000c792100000) (1024K)]
  0x000002114a33ea60 JavaThread "Finalizer"                  daemon [_thread_blocked, id=17204, stack(0x000000c792100000,0x000000c792200000) (1024K)]
  0x000002114a3425d0 JavaThread "Signal Dispatcher"          daemon [_thread_blocked, id=17544, stack(0x000000c792200000,0x000000c792300000) (1024K)]
  0x000002114a343230 JavaThread "Attach Listener"            daemon [_thread_blocked, id=20456, stack(0x000000c792300000,0x000000c792400000) (1024K)]
  0x000002114a347300 JavaThread "Service Thread"             daemon [_thread_blocked, id=12532, stack(0x000000c792400000,0x000000c792500000) (1024K)]
  0x000002114a34b490 JavaThread "Monitor Deflation Thread"   daemon [_thread_blocked, id=20444, stack(0x000000c792500000,0x000000c792600000) (1024K)]
=>0x000002114a357290 JavaThread "C2 CompilerThread0"         daemon [_thread_in_native, id=14604, stack(0x000000c792600000,0x000000c792700000) (1024K)]
  0x000002114a35bee0 JavaThread "C1 CompilerThread0"         daemon [_thread_blocked, id=18060, stack(0x000000c792700000,0x000000c792800000) (1024K)]
  0x00000211911ba830 JavaThread "Common-Cleaner"             daemon [_thread_blocked, id=15140, stack(0x000000c792800000,0x000000c792900000) (1024K)]
  0x00000211913618d0 JavaThread "Notification Thread"        daemon [_thread_blocked, id=10108, stack(0x000000c792a00000,0x000000c792b00000) (1024K)]
  0x000002119178b3a0 JavaThread "Active Thread: Equinox Container: 48348bc5-54ad-49d8-9038-dbbce52d2382"        [_thread_blocked, id=23512, stack(0x000000c793200000,0x000000c793300000) (1024K)]
  0x00000211917a9f10 JavaThread "Refresh Thread: Equinox Container: 48348bc5-54ad-49d8-9038-dbbce52d2382" daemon [_thread_blocked, id=23492, stack(0x000000c792b00000,0x000000c792c00000) (1024K)]
  0x0000021191b823f0 JavaThread "Framework Event Dispatcher: Equinox Container: 48348bc5-54ad-49d8-9038-dbbce52d2382" daemon [_thread_blocked, id=5012, stack(0x000000c793300000,0x000000c793400000) (1024K)]
  0x0000021191b8d020 JavaThread "Start Level: Equinox Container: 48348bc5-54ad-49d8-9038-dbbce52d2382" daemon [_thread_blocked, id=23460, stack(0x000000c793400000,0x000000c793500000) (1024K)]
  0x0000021191508c70 JavaThread "Bundle File Closer"         daemon [_thread_blocked, id=20864, stack(0x000000c793700000,0x000000c793800000) (1024K)]
  0x0000021191285c00 JavaThread "SCR Component Actor"        daemon [_thread_blocked, id=2296, stack(0x000000c793500000,0x000000c793600000) (1024K)]
  0x0000021191bc2d90 JavaThread "Worker-JM"                         [_thread_blocked, id=13204, stack(0x000000c793900000,0x000000c793a00000) (1024K)]
  0x00000211922c8550 JavaThread "JNA Cleaner"                daemon [_thread_blocked, id=15896, stack(0x000000c793a00000,0x000000c793b00000) (1024K)]
  0x00000211922ca620 JavaThread "Java indexing"              daemon [_thread_blocked, id=19548, stack(0x000000c793d00000,0x000000c793e00000) (1024K)]
  0x00000211922cacb0 JavaThread "Thread-1"                   daemon [_thread_in_native, id=19256, stack(0x000000c794300000,0x000000c794400000) (1024K)]
  0x0000021193b75a20 JavaThread "Thread-2"                   daemon [_thread_in_native, id=5108, stack(0x000000c794400000,0x000000c794500000) (1024K)]
  0x0000021193b75390 JavaThread "Thread-3"                   daemon [_thread_in_native, id=11052, stack(0x000000c794500000,0x000000c794600000) (1024K)]
  0x0000021193b760b0 JavaThread "Thread-4"                   daemon [_thread_in_native, id=13276, stack(0x000000c794600000,0x000000c794700000) (1024K)]
  0x0000021193b74d00 JavaThread "Thread-5"                   daemon [_thread_in_native, id=15468, stack(0x000000c794700000,0x000000c794800000) (1024K)]
  0x0000021193b78180 JavaThread "Thread-6"                   daemon [_thread_in_native, id=16504, stack(0x000000c794800000,0x000000c794900000) (1024K)]
  0x0000021193b79bc0 JavaThread "Thread-7"                   daemon [_thread_in_native, id=1760, stack(0x000000c794900000,0x000000c794a00000) (1024K)]
  0x0000021193b78810 JavaThread "Thread-8"                   daemon [_thread_in_native, id=22672, stack(0x000000c794a00000,0x000000c794b00000) (1024K)]
  0x0000021193b78ea0 JavaThread "Thread-9"                   daemon [_thread_in_native, id=19212, stack(0x000000c794b00000,0x000000c794c00000) (1024K)]
  0x0000021193b77460 JavaThread "pool-2-thread-1"                   [_thread_blocked, id=8564, stack(0x000000c794c00000,0x000000c794d00000) (1024K)]
  0x0000021193b76dd0 JavaThread "WorkspaceEventsHandler"            [_thread_blocked, id=8464, stack(0x000000c794d00000,0x000000c794e00000) (1024K)]
  0x0000021193b76740 JavaThread "pool-1-thread-1"                   [_thread_blocked, id=3160, stack(0x000000c794e00000,0x000000c794f00000) (1024K)]
  0x00000211954e2210 JavaThread "ForkJoinPool.commonPool-worker-2" daemon [_thread_blocked, id=23224, stack(0x000000c795200000,0x000000c795300000) (1024K)]
  0x0000021195876a70 JavaThread "Cleaner-0"                  daemon [_thread_blocked, id=5672, stack(0x000000c791a00000,0x000000c791b00000) (1024K)]
  0x00000211958784b0 JavaThread "ForkJoinPool.commonPool-worker-11" daemon [_thread_blocked, id=16896, stack(0x000000c793b00000,0x000000c793c00000) (1024K)]
  0x00000211954e3c50 JavaThread "ForkJoinPool.commonPool-worker-12" daemon [_thread_blocked, id=10420, stack(0x000000c791b00000,0x000000c791c00000) (1024K)]
  0x00000211954e1b80 JavaThread "ForkJoinPool.commonPool-worker-14" daemon [_thread_blocked, id=9424, stack(0x000000c793800000,0x000000c793900000) (1024K)]
  0x00000211954e8480 JavaThread "ForkJoinPool.commonPool-worker-15" daemon [_thread_blocked, id=11100, stack(0x000000c793e00000,0x000000c793f00000) (1024K)]
  0x000002119293ea90 JavaThread "Compiler Source File Reader" daemon [_thread_blocked, id=17368, stack(0x000000c795500000,0x000000c795600000) (1024K)]
  0x000002119293e400 JavaThread "ForkJoinPool.commonPool-worker-16" daemon [_thread_blocked, id=19608, stack(0x000000c793c00000,0x000000c793d00000) (1024K)]
  0x00000211929425a0 JavaThread "Worker-15"                         [_thread_blocked, id=22900, stack(0x000000c794200000,0x000000c794300000) (1024K)]
  0x000002119293f120 JavaThread "Compiler Source File Reader" daemon [_thread_blocked, id=19156, stack(0x000000c794000000,0x000000c794100000) (1024K)]
  0x0000021192942c30 JavaThread "ForkJoinPool.commonPool-worker-17" daemon [_thread_blocked, id=6076, stack(0x000000c794f00000,0x000000c795000000) (1024K)]
  0x00000211929432c0 JavaThread "Compiler Source File Reader" daemon [_thread_blocked, id=10996, stack(0x000000c795000000,0x000000c795100000) (1024K)]
  0x0000021192944670 JavaThread "Compiler Source File Reader" daemon [_thread_blocked, id=2020, stack(0x000000c795100000,0x000000c795200000) (1024K)]
  0x0000021192944d00 JavaThread "Worker-20"                         [_thread_blocked, id=21624, stack(0x000000c795300000,0x000000c795400000) (1024K)]
  0x0000021192943950 JavaThread "Compiler Source File Reader" daemon [_thread_blocked, id=15720, stack(0x000000c795400000,0x000000c795500000) (1024K)]
  0x0000021192945390 JavaThread "Compiler Source File Reader" daemon [_thread_blocked, id=21192, stack(0x000000c795600000,0x000000c795700000) (1024K)]
  0x00000211929404d0 JavaThread "Worker-21"                         [_thread_blocked, id=14952, stack(0x000000c791900000,0x000000c791a00000) (1024K)]
  0x0000021192943fe0 JavaThread "Worker-22"                         [_thread_blocked, id=20716, stack(0x000000c793600000,0x000000c793700000) (1024K)]
  0x0000021192941f10 JavaThread "Compiler Processing Task"   daemon [_thread_blocked, id=20888, stack(0x000000c793f00000,0x000000c794000000) (1024K)]
  0x00000211958791d0 JavaThread "Worker-23"                         [_thread_blocked, id=16264, stack(0x000000c794100000,0x000000c794200000) (1024K)]
Total: 52

Other Threads:
  0x000002114a31fc90 VMThread "VM Thread"                           [id=13400, stack(0x000000c791f00000,0x000000c792000000) (1024K)]
  0x000002113393dd50 WatcherThread "VM Periodic Task Thread"        [id=12572, stack(0x000000c791e00000,0x000000c791f00000) (1024K)]
  0x00000211338f2570 WorkerThread "GC Thread#0"                     [id=7300, stack(0x000000c791d00000,0x000000c791e00000) (1024K)]
  0x000002119191dfe0 WorkerThread "GC Thread#1"                     [id=14376, stack(0x000000c792c00000,0x000000c792d00000) (1024K)]
  0x0000021191bf7370 WorkerThread "GC Thread#2"                     [id=19260, stack(0x000000c792d00000,0x000000c792e00000) (1024K)]
  0x0000021191bf7720 WorkerThread "GC Thread#3"                     [id=21316, stack(0x000000c792e00000,0x000000c792f00000) (1024K)]
  0x0000021191480c20 WorkerThread "GC Thread#4"                     [id=18932, stack(0x000000c792f00000,0x000000c793000000) (1024K)]
  0x00000211914817e0 WorkerThread "GC Thread#5"                     [id=20172, stack(0x000000c793000000,0x000000c793100000) (1024K)]
  0x0000021191dd11f0 WorkerThread "GC Thread#6"                     [id=13572, stack(0x000000c793100000,0x000000c793200000) (1024K)]
  0x000002114a35d640 WorkerThread "GC Thread#7"                     [id=22860, stack(0x000000c792900000,0x000000c792a00000) (1024K)]
Total: 10

Threads with active compile tasks:
C2 CompilerThread0  1304120 20374 % !   4       org.eclipse.jdt.internal.core.NameLookup::<init> @ 173 (805 bytes)
Total: 1

VM state: not at safepoint (normal execution)

VM Mutex/Monitor currently owned by a thread: None

Heap address: 0x0000000080000000, size: 2048 MB, Compressed Oops mode: 32-bit

CDS archive(s) mapped at: [0x000002114b000000-0x000002114bba0000-0x000002114bba0000), size 12189696, SharedBaseAddress: 0x000002114b000000, ArchiveRelocationMode: 1.
Compressed class space mapped at: 0x000002114c000000-0x000002118c000000, reserved size: 1073741824
Narrow klass base: 0x000002114b000000, Narrow klass shift: 0, Narrow klass range: 0x100000000

GC Precious Log:
 CardTable entry size: 512
 CPUs: 8 total, 8 available
 Memory: 7975M
 Large Page Support: Disabled
 NUMA Support: Disabled
 Compressed Oops: Enabled (32-bit)
 Alignments: Space 512K, Generation 512K, Heap 2M
 Heap Min Capacity: 100M
 Heap Initial Capacity: 100M
 Heap Max Capacity: 2G
 Pre-touch: Disabled
 Parallel Workers: 8

Heap:
 PSYoungGen      total 4608K, used 1394K [0x00000000d5580000, 0x00000000d5b80000, 0x0000000100000000)
  eden space 4096K, 22% used [0x00000000d5580000,0x00000000d5663788,0x00000000d5980000)
  from space 512K, 94% used [0x00000000d5a00000,0x00000000d5a79210,0x00000000d5a80000)
  to   space 1024K, 0% used [0x00000000d5a80000,0x00000000d5a80000,0x00000000d5b80000)
 ParOldGen       total 903168K, used 903132K [0x0000000080000000, 0x00000000b7200000, 0x00000000d5580000)
  object space 903168K, 99% used [0x0000000080000000,0x00000000b71f7238,0x00000000b7200000)
 Metaspace       used 88556K, committed 90432K, reserved 1179648K
  class space    used 9093K, committed 9984K, reserved 1048576K

Card table byte_map: [0x0000021133290000,0x00000211336a0000] _byte_map_base: 0x0000021132e90000

Marking Bits: (ParMarkBitMap*) 0x00007ffb5ff33450
 Begin Bits: [0x0000021145d80000, 0x0000021147d80000)
 End Bits:   [0x0000021147d80000, 0x0000021149d80000)

Polling page: 0x00000211317b0000

Metaspace:

Usage:
  Non-class:     77.60 MB used.
      Class:      8.88 MB used.
       Both:     86.48 MB used.

Virtual space:
  Non-class space:      128.00 MB reserved,      78.56 MB ( 61%) committed,  2 nodes.
      Class space:        1.00 GB reserved,       9.75 MB ( <1%) committed,  1 nodes.
             Both:        1.12 GB reserved,      88.31 MB (  8%) committed. 

Chunk freelists:
   Non-Class:  1.16 MB
       Class:  6.21 MB
        Both:  7.37 MB

MaxMetaspaceSize: unlimited
CompressedClassSpaceSize: 1.00 GB
Initial GC threshold: 21.00 MB
Current GC threshold: 146.19 MB
CDS: on
 - commit_granule_bytes: 65536.
 - commit_granule_words: 8192.
 - virtual_space_node_default_size: 8388608.
 - enlarge_chunks_in_place: 1.
 - use_allocation_guard: 0.


Internal statistics:

num_allocs_failed_limit: 9.
num_arena_births: 1728.
num_arena_deaths: 24.
num_vsnodes_births: 3.
num_vsnodes_deaths: 0.
num_space_committed: 1413.
num_space_uncommitted: 0.
num_chunks_returned_to_freelist: 35.
num_chunks_taken_from_freelist: 6102.
num_chunk_merges: 16.
num_chunk_splits: 3617.
num_chunks_enlarged: 1881.
num_inconsistent_stats: 0.

CodeHeap 'non-profiled nmethods': size=120000Kb used=15393Kb max_used=17024Kb free=104606Kb
 bounds [0x000002113e5a0000, 0x000002113f650000, 0x0000021145ad0000]
CodeHeap 'profiled nmethods': size=120000Kb used=38367Kb max_used=45138Kb free=81632Kb
 bounds [0x0000021136ad0000, 0x00000211396f0000, 0x000002113e000000]
CodeHeap 'non-nmethods': size=5760Kb used=1533Kb max_used=1616Kb free=4227Kb
 bounds [0x000002113e000000, 0x000002113e270000, 0x000002113e5a0000]
CodeCache: size=245760Kb, used=55293Kb, max_used=63778Kb, free=190465Kb
 total_blobs=17198, nmethods=16360, adapters=742, full_count=0
Compilation: enabled, stopped_count=0, restarted_count=0

Compilation events (20 events):
Event: 1303.558 Thread 0x000002114a35bee0 nmethod 20371 0x00000211370c4510 code [0x00000211370c47a0, 0x00000211370c5590]
Event: 1303.947 Thread 0x000002114a35bee0 20372       3       java.lang.Double::valueOf (9 bytes)
Event: 1303.947 Thread 0x000002114a35bee0 nmethod 20372 0x0000021137275710 code [0x00000211372758c0, 0x0000021137275b28]
Event: 1303.947 Thread 0x000002114a35bee0 20373       3       java.lang.Double::<init> (10 bytes)
Event: 1303.947 Thread 0x000002114a35bee0 nmethod 20373 0x0000021137462b10 code [0x0000021137462cc0, 0x0000021137462e88]
Event: 1303.948 Thread 0x000002114a357290 20374 % !   4       org.eclipse.jdt.internal.core.NameLookup::<init> @ 173 (805 bytes)
Event: 1303.959 Thread 0x000002114a35bee0 20375       3       org.eclipse.jdt.internal.compiler.lookup.SourceTypeBinding::evaluateNullAnnotations (421 bytes)
Event: 1303.968 Thread 0x000002114a35bee0 nmethod 20375 0x0000021137c40f90 code [0x0000021137c414e0, 0x0000021137c44e68]
Event: 1303.976 Thread 0x000002114a35bee0 20376       3       org.eclipse.jdt.internal.compiler.lookup.BinaryTypeBinding::evaluateTypeQualifierDefault (212 bytes)
Event: 1303.977 Thread 0x000002114a35bee0 nmethod 20376 0x0000021137617290 code [0x0000021137617540, 0x00000211376181e0]
Event: 1303.977 Thread 0x000002114a35bee0 20377       3       org.eclipse.jdt.internal.compiler.lookup.BinaryTypeBinding::retrieveAnnotations (33 bytes)
Event: 1303.978 Thread 0x000002114a35bee0 nmethod 20377 0x0000021138510090 code [0x0000021138510340, 0x0000021138511468]
Event: 1303.978 Thread 0x000002114a35bee0 20378       3       org.eclipse.jdt.internal.compiler.lookup.AnnotationBinding::buildTargetAnnotation (538 bytes)
Event: 1303.980 Thread 0x000002114a35bee0 nmethod 20378 0x0000021136cbb990 code [0x0000021136cbbd80, 0x0000021136cbe9d0]
Event: 1303.983 Thread 0x000002114a35bee0 20380   !   3       sun.nio.cs.StreamEncoder::implClose (194 bytes)
Event: 1303.987 Thread 0x000002114a35bee0 nmethod 20380 0x0000021137c69310 code [0x0000021137c69600, 0x0000021137c6a3d0]
Event: 1303.987 Thread 0x000002114a35bee0 20381       3       java.nio.charset.CharsetEncoder::flush (49 bytes)
Event: 1303.987 Thread 0x000002114a35bee0 nmethod 20381 0x000002113760c410 code [0x000002113760c5e0, 0x000002113760c9b8]
Event: 1303.987 Thread 0x000002114a35bee0 20382       3       java.nio.charset.CharsetEncoder::implFlush (4 bytes)
Event: 1303.987 Thread 0x000002114a35bee0 nmethod 20382 0x000002113710fe10 code [0x000002113710ffa0, 0x00000211371100b8]

GC Heap History (20 events):
Event: 1303.351 GC heap before
{Heap before GC invocations=1397 (full 5):
 PSYoungGen      total 7168K, used 7136K [0x00000000d5580000, 0x00000000d6680000, 0x0000000100000000)
  eden space 4096K, 100% used [0x00000000d5580000,0x00000000d5980000,0x00000000d5980000)
  from space 3072K, 98% used [0x00000000d5980000,0x00000000d5c781a8,0x00000000d5c80000)
  to   space 6144K, 0% used [0x00000000d6080000,0x00000000d6080000,0x00000000d6680000)
 ParOldGen       total 857088K, used 856979K [0x0000000080000000, 0x00000000b4500000, 0x00000000d5580000)
  object space 857088K, 99% used [0x0000000080000000,0x00000000b44e4f20,0x00000000b4500000)
 Metaspace       used 88535K, committed 90432K, reserved 1179648K
  class space    used 9093K, committed 9984K, reserved 1048576K
}
Event: 1303.357 GC heap after
{Heap after GC invocations=1397 (full 5):
 PSYoungGen      total 8704K, used 3427K [0x00000000d5580000, 0x00000000d6400000, 0x0000000100000000)
  eden space 5120K, 0% used [0x00000000d5580000,0x00000000d5580000,0x00000000d5a80000)
  from space 3584K, 95% used [0x00000000d6080000,0x00000000d63d8c08,0x00000000d6400000)
  to   space 4608K, 0% used [0x00000000d5b00000,0x00000000d5b00000,0x00000000d5f80000)
 ParOldGen       total 860160K, used 859973K [0x0000000080000000, 0x00000000b4800000, 0x00000000d5580000)
  object space 860160K, 99% used [0x0000000080000000,0x00000000b47d1568,0x00000000b4800000)
 Metaspace       used 88535K, committed 90432K, reserved 1179648K
  class space    used 9093K, committed 9984K, reserved 1048576K
}
Event: 1303.436 GC heap before
{Heap before GC invocations=1398 (full 5):
 PSYoungGen      total 8704K, used 8547K [0x00000000d5580000, 0x00000000d6400000, 0x0000000100000000)
  eden space 5120K, 100% used [0x00000000d5580000,0x00000000d5a80000,0x00000000d5a80000)
  from space 3584K, 95% used [0x00000000d6080000,0x00000000d63d8c08,0x00000000d6400000)
  to   space 4608K, 0% used [0x00000000d5b00000,0x00000000d5b00000,0x00000000d5f80000)
 ParOldGen       total 891904K, used 890693K [0x0000000080000000, 0x00000000b6700000, 0x00000000d5580000)
  object space 891904K, 99% used [0x0000000080000000,0x00000000b65d1598,0x00000000b6700000)
 Metaspace       used 88543K, committed 90432K, reserved 1179648K
  class space    used 9093K, committed 9984K, reserved 1048576K
}
Event: 1303.443 GC heap after
{Heap after GC invocations=1398 (full 5):
 PSYoungGen      total 8704K, used 3346K [0x00000000d5580000, 0x00000000d6180000, 0x0000000100000000)
  eden space 5120K, 0% used [0x00000000d5580000,0x00000000d5580000,0x00000000d5a80000)
  from space 3584K, 93% used [0x00000000d5b00000,0x00000000d5e44a70,0x00000000d5e80000)
  to   space 3072K, 0% used [0x00000000d5e80000,0x00000000d5e80000,0x00000000d6180000)
 ParOldGen       total 892928K, used 892581K [0x0000000080000000, 0x00000000b6800000, 0x00000000d5580000)
  object space 892928K, 99% used [0x0000000080000000,0x00000000b67a9598,0x00000000b6800000)
 Metaspace       used 88543K, committed 90432K, reserved 1179648K
  class space    used 9093K, committed 9984K, reserved 1048576K
}
Event: 1303.461 GC heap before
{Heap before GC invocations=1399 (full 5):
 PSYoungGen      total 8704K, used 8466K [0x00000000d5580000, 0x00000000d6180000, 0x0000000100000000)
  eden space 5120K, 99% used [0x00000000d5580000,0x00000000d5a7ffe8,0x00000000d5a80000)
  from space 3584K, 93% used [0x00000000d5b00000,0x00000000d5e44a70,0x00000000d5e80000)
  to   space 3072K, 0% used [0x00000000d5e80000,0x00000000d5e80000,0x00000000d6180000)
 ParOldGen       total 892928K, used 892581K [0x0000000080000000, 0x00000000b6800000, 0x00000000d5580000)
  object space 892928K, 99% used [0x0000000080000000,0x00000000b67a9598,0x00000000b6800000)
 Metaspace       used 88543K, committed 90432K, reserved 1179648K
  class space    used 9093K, committed 9984K, reserved 1048576K
}
Event: 1303.470 GC heap after
{Heap after GC invocations=1399 (full 5):
 PSYoungGen      total 3584K, used 3072K [0x00000000d5580000, 0x00000000d6c80000, 0x0000000100000000)
  eden space 512K, 0% used [0x00000000d5580000,0x00000000d5580000,0x00000000d5600000)
  from space 3072K, 100% used [0x00000000d5e80000,0x00000000d6180000,0x00000000d6180000)
  to   space 8704K, 0% used [0x00000000d5600000,0x00000000d5600000,0x00000000d5e80000)
 ParOldGen       total 897536K, used 897136K [0x0000000080000000, 0x00000000b6c80000, 0x00000000d5580000)
  object space 897536K, 99% used [0x0000000080000000,0x00000000b6c1c028,0x00000000b6c80000)
 Metaspace       used 88543K, committed 90432K, reserved 1179648K
  class space    used 9093K, committed 9984K, reserved 1048576K
}
Event: 1303.471 GC heap before
{Heap before GC invocations=1400 (full 5):
 PSYoungGen      total 3584K, used 3574K [0x00000000d5580000, 0x00000000d6c80000, 0x0000000100000000)
  eden space 512K, 98% used [0x00000000d5580000,0x00000000d55fd860,0x00000000d5600000)
  from space 3072K, 100% used [0x00000000d5e80000,0x00000000d6180000,0x00000000d6180000)
  to   space 8704K, 0% used [0x00000000d5600000,0x00000000d5600000,0x00000000d5e80000)
 ParOldGen       total 897536K, used 897136K [0x0000000080000000, 0x00000000b6c80000, 0x00000000d5580000)
  object space 897536K, 99% used [0x0000000080000000,0x00000000b6c1c028,0x00000000b6c80000)
 Metaspace       used 88543K, committed 90432K, reserved 1179648K
  class space    used 9093K, committed 9984K, reserved 1048576K
}
Event: 1303.477 GC heap after
{Heap after GC invocations=1400 (full 5):
 PSYoungGen      total 1024K, used 480K [0x00000000d5580000, 0x00000000d5f00000, 0x0000000100000000)
  eden space 512K, 0% used [0x00000000d5580000,0x00000000d5580000,0x00000000d5600000)
  from space 512K, 93% used [0x00000000d5600000,0x00000000d5678000,0x00000000d5680000)
  to   space 3584K, 0% used [0x00000000d5b80000,0x00000000d5b80000,0x00000000d5f00000)
 ParOldGen       total 900608K, used 900240K [0x0000000080000000, 0x00000000b6f80000, 0x00000000d5580000)
  object space 900608K, 99% used [0x0000000080000000,0x00000000b6f24028,0x00000000b6f80000)
 Metaspace       used 88543K, committed 90432K, reserved 1179648K
  class space    used 9093K, committed 9984K, reserved 1048576K
}
Event: 1303.480 GC heap before
{Heap before GC invocations=1401 (full 5):
 PSYoungGen      total 1024K, used 926K [0x00000000d5580000, 0x00000000d5f00000, 0x0000000100000000)
  eden space 512K, 87% used [0x00000000d5580000,0x00000000d55efb98,0x00000000d5600000)
  from space 512K, 93% used [0x00000000d5600000,0x00000000d5678000,0x00000000d5680000)
  to   space 3584K, 0% used [0x00000000d5b80000,0x00000000d5b80000,0x00000000d5f00000)
 ParOldGen       total 900608K, used 900240K [0x0000000080000000, 0x00000000b6f80000, 0x00000000d5580000)
  object space 900608K, 99% used [0x0000000080000000,0x00000000b6f24028,0x00000000b6f80000)
 Metaspace       used 88543K, committed 90432K, reserved 1179648K
  class space    used 9093K, committed 9984K, reserved 1048576K
}
Event: 1303.483 GC heap after
{Heap after GC invocations=1401 (full 5):
 PSYoungGen      total 1536K, used 360K [0x00000000d5580000, 0x00000000d5c00000, 0x0000000100000000)
  eden space 1024K, 0% used [0x00000000d5580000,0x00000000d5580000,0x00000000d5680000)
  from space 512K, 70% used [0x00000000d5b80000,0x00000000d5bda000,0x00000000d5c00000)
  to   space 1024K, 0% used [0x00000000d5a00000,0x00000000d5a00000,0x00000000d5b00000)
 ParOldGen       total 900608K, used 900576K [0x0000000080000000, 0x00000000b6f80000, 0x00000000d5580000)
  object space 900608K, 99% used [0x0000000080000000,0x00000000b6f78028,0x00000000b6f80000)
 Metaspace       used 88543K, committed 90432K, reserved 1179648K
  class space    used 9093K, committed 9984K, reserved 1048576K
}
Event: 1303.489 GC heap before
{Heap before GC invocations=1402 (full 5):
 PSYoungGen      total 1536K, used 1384K [0x00000000d5580000, 0x00000000d5c00000, 0x0000000100000000)
  eden space 1024K, 100% used [0x00000000d5580000,0x00000000d5680000,0x00000000d5680000)
  from space 512K, 70% used [0x00000000d5b80000,0x00000000d5bda000,0x00000000d5c00000)
  to   space 1024K, 0% used [0x00000000d5a00000,0x00000000d5a00000,0x00000000d5b00000)
 ParOldGen       total 900608K, used 900576K [0x0000000080000000, 0x00000000b6f80000, 0x00000000d5580000)
  object space 900608K, 99% used [0x0000000080000000,0x00000000b6f78028,0x00000000b6f80000)
 Metaspace       used 88543K, committed 90432K, reserved 1179648K
  class space    used 9093K, committed 9984K, reserved 1048576K
}
Event: 1303.492 GC heap after
{Heap after GC invocations=1402 (full 5):
 PSYoungGen      total 2560K, used 816K [0x00000000d5580000, 0x00000000d5c00000, 0x0000000100000000)
  eden space 1536K, 0% used [0x00000000d5580000,0x00000000d5580000,0x00000000d5700000)
  from space 1024K, 79% used [0x00000000d5a00000,0x00000000d5acc000,0x00000000d5b00000)
  to   space 1024K, 0% used [0x00000000d5b00000,0x00000000d5b00000,0x00000000d5c00000)
 ParOldGen       total 901120K, used 900736K [0x0000000080000000, 0x00000000b7000000, 0x00000000d5580000)
  object space 901120K, 99% used [0x0000000080000000,0x00000000b6fa0028,0x00000000b7000000)
 Metaspace       used 88543K, committed 90432K, reserved 1179648K
  class space    used 9093K, committed 9984K, reserved 1048576K
}
Event: 1303.504 GC heap before
{Heap before GC invocations=1403 (full 5):
 PSYoungGen      total 2560K, used 2352K [0x00000000d5580000, 0x00000000d5c00000, 0x0000000100000000)
  eden space 1536K, 100% used [0x00000000d5580000,0x00000000d5700000,0x00000000d5700000)
  from space 1024K, 79% used [0x00000000d5a00000,0x00000000d5acc000,0x00000000d5b00000)
  to   space 1024K, 0% used [0x00000000d5b00000,0x00000000d5b00000,0x00000000d5c00000)
 ParOldGen       total 901120K, used 900736K [0x0000000080000000, 0x00000000b7000000, 0x00000000d5580000)
  object space 901120K, 99% used [0x0000000080000000,0x00000000b6fa0028,0x00000000b7000000)
 Metaspace       used 88543K, committed 90432K, reserved 1179648K
  class space    used 9093K, committed 9984K, reserved 1048576K
}
Event: 1303.506 GC heap after
{Heap after GC invocations=1403 (full 5):
 PSYoungGen      total 3072K, used 1024K [0x00000000d5580000, 0x00000000d5c00000, 0x0000000100000000)
  eden space 2048K, 0% used [0x00000000d5580000,0x00000000d5580000,0x00000000d5780000)
  from space 1024K, 100% used [0x00000000d5b00000,0x00000000d5c00000,0x00000000d5c00000)
  to   space 2048K, 0% used [0x00000000d5800000,0x00000000d5800000,0x00000000d5a00000)
 ParOldGen       total 901632K, used 901328K [0x0000000080000000, 0x00000000b7080000, 0x00000000d5580000)
  object space 901632K, 99% used [0x0000000080000000,0x00000000b7034028,0x00000000b7080000)
 Metaspace       used 88543K, committed 90432K, reserved 1179648K
  class space    used 9093K, committed 9984K, reserved 1048576K
}
Event: 1303.951 GC heap before
{Heap before GC invocations=1404 (full 5):
 PSYoungGen      total 3072K, used 3071K [0x00000000d5580000, 0x00000000d5c00000, 0x0000000100000000)
  eden space 2048K, 99% used [0x00000000d5580000,0x00000000d577fff0,0x00000000d5780000)
  from space 1024K, 100% used [0x00000000d5b00000,0x00000000d5c00000,0x00000000d5c00000)
  to   space 2048K, 0% used [0x00000000d5800000,0x00000000d5800000,0x00000000d5a00000)
 ParOldGen       total 901632K, used 901328K [0x0000000080000000, 0x00000000b7080000, 0x00000000d5580000)
  object space 901632K, 99% used [0x0000000080000000,0x00000000b7034028,0x00000000b7080000)
 Metaspace       used 88545K, committed 90432K, reserved 1179648K
  class space    used 9093K, committed 9984K, reserved 1048576K
}
Event: 1303.955 GC heap after
{Heap after GC invocations=1404 (full 5):
 PSYoungGen      total 4608K, used 554K [0x00000000d5580000, 0x00000000d5b80000, 0x0000000100000000)
  eden space 2560K, 0% used [0x00000000d5580000,0x00000000d5580000,0x00000000d5800000)
  from space 2048K, 27% used [0x00000000d5800000,0x00000000d588a910,0x00000000d5a00000)
  to   space 1024K, 0% used [0x00000000d5a80000,0x00000000d5a80000,0x00000000d5b80000)
 ParOldGen       total 902656K, used 902352K [0x0000000080000000, 0x00000000b7180000, 0x00000000d5580000)
  object space 902656K, 99% used [0x0000000080000000,0x00000000b7134028,0x00000000b7180000)
 Metaspace       used 88545K, committed 90432K, reserved 1179648K
  class space    used 9093K, committed 9984K, reserved 1048576K
}
Event: 1303.960 GC heap before
{Heap before GC invocations=1405 (full 5):
 PSYoungGen      total 4608K, used 3114K [0x00000000d5580000, 0x00000000d5b80000, 0x0000000100000000)
  eden space 2560K, 100% used [0x00000000d5580000,0x00000000d5800000,0x00000000d5800000)
  from space 2048K, 27% used [0x00000000d5800000,0x00000000d588a910,0x00000000d5a00000)
  to   space 1024K, 0% used [0x00000000d5a80000,0x00000000d5a80000,0x00000000d5b80000)
 ParOldGen       total 902656K, used 902352K [0x0000000080000000, 0x00000000b7180000, 0x00000000d5580000)
  object space 902656K, 99% used [0x0000000080000000,0x00000000b7134028,0x00000000b7180000)
 Metaspace       used 88545K, committed 90432K, reserved 1179648K
  class space    used 9093K, committed 9984K, reserved 1048576K
}
Event: 1303.963 GC heap after
{Heap after GC invocations=1405 (full 5):
 PSYoungGen      total 3584K, used 320K [0x00000000d5580000, 0x00000000d5b00000, 0x0000000100000000)
  eden space 3072K, 0% used [0x00000000d5580000,0x00000000d5580000,0x00000000d5880000)
  from space 512K, 62% used [0x00000000d5a80000,0x00000000d5ad0000,0x00000000d5b00000)
  to   space 512K, 0% used [0x00000000d5a00000,0x00000000d5a00000,0x00000000d5a80000)
 ParOldGen       total 903168K, used 902812K [0x0000000080000000, 0x00000000b7200000, 0x00000000d5580000)
  object space 903168K, 99% used [0x0000000080000000,0x00000000b71a7238,0x00000000b7200000)
 Metaspace       used 88545K, committed 90432K, reserved 1179648K
  class space    used 9093K, committed 9984K, reserved 1048576K
}
Event: 1303.973 GC heap before
{Heap before GC invocations=1406 (full 5):
 PSYoungGen      total 3584K, used 3392K [0x00000000d5580000, 0x00000000d5b00000, 0x0000000100000000)
  eden space 3072K, 100% used [0x00000000d5580000,0x00000000d5880000,0x00000000d5880000)
  from space 512K, 62% used [0x00000000d5a80000,0x00000000d5ad0000,0x00000000d5b00000)
  to   space 512K, 0% used [0x00000000d5a00000,0x00000000d5a00000,0x00000000d5a80000)
 ParOldGen       total 903168K, used 902812K [0x0000000080000000, 0x00000000b7200000, 0x00000000d5580000)
  object space 903168K, 99% used [0x0000000080000000,0x00000000b71a7238,0x00000000b7200000)
 Metaspace       used 88545K, committed 90432K, reserved 1179648K
  class space    used 9093K, committed 9984K, reserved 1048576K
}
Event: 1303.976 GC heap after
{Heap after GC invocations=1406 (full 5):
 PSYoungGen      total 4608K, used 484K [0x00000000d5580000, 0x00000000d5b80000, 0x0000000100000000)
  eden space 4096K, 0% used [0x00000000d5580000,0x00000000d5580000,0x00000000d5980000)
  from space 512K, 94% used [0x00000000d5a00000,0x00000000d5a79210,0x00000000d5a80000)
  to   space 1024K, 0% used [0x00000000d5a80000,0x00000000d5a80000,0x00000000d5b80000)
 ParOldGen       total 903168K, used 903132K [0x0000000080000000, 0x00000000b7200000, 0x00000000d5580000)
  object space 903168K, 99% used [0x0000000080000000,0x00000000b71f7238,0x00000000b7200000)
 Metaspace       used 88545K, committed 90432K, reserved 1179648K
  class space    used 9093K, committed 9984K, reserved 1048576K
}

Dll operation events (12 events):
Event: 0.371 Loaded shared library c:\Users\divak\.vscode\extensions\redhat.java-1.54.0-win32-x64\jre\21.0.10-win32-x86_64\bin\java.dll
Event: 0.518 Loaded shared library c:\Users\divak\.vscode\extensions\redhat.java-1.54.0-win32-x64\jre\21.0.10-win32-x86_64\bin\zip.dll
Event: 0.556 Loaded shared library C:\Users\divak\.vscode\extensions\redhat.java-1.54.0-win32-x64\jre\21.0.10-win32-x86_64\bin\instrument.dll
Event: 0.614 Loaded shared library C:\Users\divak\.vscode\extensions\redhat.java-1.54.0-win32-x64\jre\21.0.10-win32-x86_64\bin\net.dll
Event: 0.664 Loaded shared library C:\Users\divak\.vscode\extensions\redhat.java-1.54.0-win32-x64\jre\21.0.10-win32-x86_64\bin\nio.dll
Event: 0.668 Loaded shared library C:\Users\divak\.vscode\extensions\redhat.java-1.54.0-win32-x64\jre\21.0.10-win32-x86_64\bin\zip.dll
Event: 0.690 Loaded shared library C:\Users\divak\.vscode\extensions\redhat.java-1.54.0-win32-x64\jre\21.0.10-win32-x86_64\bin\jimage.dll
Event: 0.896 Loaded shared library c:\Users\divak\.vscode\extensions\redhat.java-1.54.0-win32-x64\jre\21.0.10-win32-x86_64\bin\verify.dll
Event: 7.785 Loaded shared library C:\Users\divak\AppData\Roaming\Code\User\globalStorage\redhat.java\1.54.0\config_win\org.eclipse.equinox.launcher\org.eclipse.equinox.launcher.win32.win32.x86_64_1.3.0.v20260203-2149\eclipse_11919.dll
Event: 21.440 Loaded shared library C:\Users\divak\AppData\Local\Temp\jna-95596667\jna5483286288930307374.dll
Event: 24.360 Loaded shared library C:\Users\divak\.vscode\extensions\redhat.java-1.54.0-win32-x64\jre\21.0.10-win32-x86_64\bin\sunmscapi.dll
Event: 25.504 Loaded shared library C:\Users\divak\.vscode\extensions\redhat.java-1.54.0-win32-x64\jre\21.0.10-win32-x86_64\bin\extnet.dll

Deoptimization events (20 events):
Event: 1300.132 Thread 0x0000021193b76740 DEOPT PACKING pc=0x000002113f0787b8 sp=0x000000c794efdc50
Event: 1300.132 Thread 0x0000021193b76740 DEOPT UNPACKING pc=0x000002113e056da2 sp=0x000000c794efdbf8 mode 2
Event: 1300.132 Thread 0x0000021193b76740 Uncommon trap: trap_request=0xffffffde fr.pc=0x000002113f5060a4 relative=0x0000000000000ea4
Event: 1300.132 Thread 0x0000021193b76740 Uncommon trap: reason=class_check action=maybe_recompile pc=0x000002113f5060a4 method=org.eclipse.jdt.internal.codeassist.CompletionEngine.createTypeProposal([C[CII[CI)V @ 6 c2
Event: 1300.132 Thread 0x0000021193b76740 DEOPT PACKING pc=0x000002113f5060a4 sp=0x000000c794efdd30
Event: 1300.132 Thread 0x0000021193b76740 DEOPT UNPACKING pc=0x000002113e056da2 sp=0x000000c794efdd50 mode 2
Event: 1300.132 Thread 0x0000021193b76740 Uncommon trap: trap_request=0xffffffde fr.pc=0x000002113f5060a4 relative=0x0000000000000ea4
Event: 1300.132 Thread 0x0000021193b76740 Uncommon trap: reason=class_check action=maybe_recompile pc=0x000002113f5060a4 method=org.eclipse.jdt.internal.codeassist.CompletionEngine.createTypeProposal([C[CII[CI)V @ 6 c2
Event: 1300.132 Thread 0x0000021193b76740 DEOPT PACKING pc=0x000002113f5060a4 sp=0x000000c794efdd30
Event: 1300.132 Thread 0x0000021193b76740 DEOPT UNPACKING pc=0x000002113e056da2 sp=0x000000c794efdd50 mode 2
Event: 1300.187 Thread 0x00000211958784b0 Uncommon trap: trap_request=0xffffff45 fr.pc=0x000002113f56af80 relative=0x0000000000001e00
Event: 1300.187 Thread 0x00000211958784b0 Uncommon trap: reason=unstable_if action=reinterpret pc=0x000002113f56af80 method=org.eclipse.jdt.internal.compiler.lookup.CompilationUnitScope.findImport([[CI)Lorg/eclipse/jdt/internal/compiler/lookup/Binding; @ 27 c2
Event: 1300.187 Thread 0x00000211958784b0 DEOPT PACKING pc=0x000002113f56af80 sp=0x000000c793bfe490
Event: 1300.187 Thread 0x00000211958784b0 DEOPT UNPACKING pc=0x000002113e056da2 sp=0x000000c793bfe460 mode 2
Event: 1301.490 Thread 0x0000021192944d00 DEOPT PACKING pc=0x00000211379c7be9 sp=0x000000c7953fd170
Event: 1301.490 Thread 0x0000021192944d00 DEOPT UNPACKING pc=0x000002113e0578e2 sp=0x000000c7953fc5f0 mode 0
Event: 1302.127 Thread 0x00000211929404d0 Uncommon trap: trap_request=0xffffff45 fr.pc=0x000002113f4e2e50 relative=0x0000000000001030
Event: 1302.127 Thread 0x00000211929404d0 Uncommon trap: reason=unstable_if action=reinterpret pc=0x000002113f4e2e50 method=org.eclipse.jdt.internal.compiler.parser.diagnose.DiagnoseParser.misspell(II)I @ 362 c2
Event: 1302.127 Thread 0x00000211929404d0 DEOPT PACKING pc=0x000002113f4e2e50 sp=0x000000c7919fe8a0
Event: 1302.127 Thread 0x00000211929404d0 DEOPT UNPACKING pc=0x000002113e056da2 sp=0x000000c7919fe800 mode 2

Classes loaded (20 events):
Event: 1099.610 Loading class jdk/internal/module/IllegalAccessLogger
Event: 1099.610 Loading class jdk/internal/module/IllegalAccessLogger done
Event: 1118.579 Loading class jdk/internal/module/IllegalAccessLogger
Event: 1118.579 Loading class jdk/internal/module/IllegalAccessLogger done
Event: 1124.611 Loading class jdk/internal/module/IllegalAccessLogger
Event: 1124.611 Loading class jdk/internal/module/IllegalAccessLogger done
Event: 1142.885 Loading class jdk/internal/module/IllegalAccessLogger
Event: 1142.885 Loading class jdk/internal/module/IllegalAccessLogger done
Event: 1196.685 Loading class jdk/internal/module/IllegalAccessLogger
Event: 1196.685 Loading class jdk/internal/module/IllegalAccessLogger done
Event: 1216.781 Loading class jdk/internal/module/IllegalAccessLogger
Event: 1216.781 Loading class jdk/internal/module/IllegalAccessLogger done
Event: 1228.684 Loading class jdk/internal/module/IllegalAccessLogger
Event: 1228.684 Loading class jdk/internal/module/IllegalAccessLogger done
Event: 1229.070 Loading class java/nio/channels/CompletionHandler
Event: 1229.084 Loading class java/nio/channels/CompletionHandler done
Event: 1301.426 Loading class jdk/internal/module/IllegalAccessLogger
Event: 1301.426 Loading class jdk/internal/module/IllegalAccessLogger done
Event: 1303.328 Loading class jdk/internal/module/IllegalAccessLogger
Event: 1303.328 Loading class jdk/internal/module/IllegalAccessLogger done

Classes unloaded (12 events):
Event: 22.775 Thread 0x000002114a31fc90 Unloading class 0x000002114c1ab400 'java/lang/invoke/LambdaForm$MH+0x000002114c1ab400'
Event: 22.775 Thread 0x000002114a31fc90 Unloading class 0x000002114c1ab000 'java/lang/invoke/LambdaForm$MH+0x000002114c1ab000'
Event: 22.775 Thread 0x000002114a31fc90 Unloading class 0x000002114c1aac00 'java/lang/invoke/LambdaForm$MH+0x000002114c1aac00'
Event: 22.775 Thread 0x000002114a31fc90 Unloading class 0x000002114c1aa800 'java/lang/invoke/LambdaForm$MH+0x000002114c1aa800'
Event: 22.775 Thread 0x000002114a31fc90 Unloading class 0x000002114c1aa400 'java/lang/invoke/LambdaForm$BMH+0x000002114c1aa400'
Event: 22.775 Thread 0x000002114a31fc90 Unloading class 0x000002114c1aa000 'java/lang/invoke/LambdaForm$DMH+0x000002114c1aa000'
Event: 22.775 Thread 0x000002114a31fc90 Unloading class 0x000002114c1a8c00 'java/lang/invoke/LambdaForm$DMH+0x000002114c1a8c00'
Event: 479.405 Thread 0x000002114a31fc90 Unloading class 0x000002114c798800 'java/lang/invoke/LambdaForm$MH+0x000002114c798800'
Event: 479.405 Thread 0x000002114a31fc90 Unloading class 0x000002114c798000 'java/lang/invoke/LambdaForm$MH+0x000002114c798000'
Event: 479.405 Thread 0x000002114a31fc90 Unloading class 0x000002114c780400 'java/lang/invoke/LambdaForm$DMH+0x000002114c780400'
Event: 479.406 Thread 0x000002114a31fc90 Unloading class 0x000002114c768000 'java/lang/invoke/LambdaForm$DMH+0x000002114c768000'
Event: 479.406 Thread 0x000002114a31fc90 Unloading class 0x000002114c768400 'java/lang/invoke/LambdaForm$DMH+0x000002114c768400'

Classes redefined (0 events):
No events

Internal exceptions (20 events):
Event: 1078.555 Thread 0x00000211954e8b10 Exception <a 'sun/nio/fs/WindowsException'{0x00000000d58b79e8}> (0x00000000d58b79e8) 
thrown [s\src\hotspot\share\prims\jni.cpp, line 520]
Event: 1099.403 Thread 0x00000211922ca620 Exception <a 'sun/nio/fs/WindowsException'{0x00000000d5681798}> (0x00000000d5681798) 
thrown [s\src\hotspot\share\prims\jni.cpp, line 520]
Event: 1099.966 Thread 0x00000211922ca620 Exception <a 'sun/nio/fs/WindowsException'{0x00000000d55d80a0}> (0x00000000d55d80a0) 
thrown [s\src\hotspot\share\prims\jni.cpp, line 520]
Event: 1118.370 Thread 0x00000211922ca620 Exception <a 'sun/nio/fs/WindowsException'{0x00000000d562edb8}> (0x00000000d562edb8) 
thrown [s\src\hotspot\share\prims\jni.cpp, line 520]
Event: 1118.950 Thread 0x00000211922ca620 Exception <a 'sun/nio/fs/WindowsException'{0x00000000d56a9fe8}> (0x00000000d56a9fe8) 
thrown [s\src\hotspot\share\prims\jni.cpp, line 520]
Event: 1124.461 Thread 0x00000211922ca620 Exception <a 'sun/nio/fs/WindowsException'{0x00000000d55fc628}> (0x00000000d55fc628) 
thrown [s\src\hotspot\share\prims\jni.cpp, line 520]
Event: 1124.804 Thread 0x00000211922ca620 Exception <a 'sun/nio/fs/WindowsException'{0x00000000d55811a8}> (0x00000000d55811a8) 
thrown [s\src\hotspot\share\prims\jni.cpp, line 520]
Event: 1142.574 Thread 0x00000211958784b0 Exception <a 'java/lang/NoSuchMethodError'{0x00000000d5635c38}: 'void java.lang.invoke.DirectMethodHandle$Holder.invokeVirtual(java.lang.Object, java.lang.Object, java.lang.Object, java.lang.Object, java.lang.Object)'> (0x00000000d5635c38) 
thrown [s\src\hotspot\share\interpreter\linkResolver.cpp, line 773]
Event: 1142.673 Thread 0x00000211922ca620 Exception <a 'sun/nio/fs/WindowsException'{0x00000000d5599b08}> (0x00000000d5599b08) 
thrown [s\src\hotspot\share\prims\jni.cpp, line 520]
Event: 1143.304 Thread 0x00000211922ca620 Exception <a 'sun/nio/fs/WindowsException'{0x00000000d56968f0}> (0x00000000d56968f0) 
thrown [s\src\hotspot\share\prims\jni.cpp, line 520]
Event: 1196.480 Thread 0x00000211922ca620 Exception <a 'sun/nio/fs/WindowsException'{0x00000000d573ca40}> (0x00000000d573ca40) 
thrown [s\src\hotspot\share\prims\jni.cpp, line 520]
Event: 1197.219 Thread 0x00000211922ca620 Exception <a 'sun/nio/fs/WindowsException'{0x00000000d55a55f0}> (0x00000000d55a55f0) 
thrown [s\src\hotspot\share\prims\jni.cpp, line 520]
Event: 1216.840 Thread 0x00000211922ca620 Exception <a 'sun/nio/fs/WindowsException'{0x00000000d5816970}> (0x00000000d5816970) 
thrown [s\src\hotspot\share\prims\jni.cpp, line 520]
Event: 1217.165 Thread 0x00000211922ca620 Exception <a 'sun/nio/fs/WindowsException'{0x00000000d55cf620}> (0x00000000d55cf620) 
thrown [s\src\hotspot\share\prims\jni.cpp, line 520]
Event: 1228.468 Thread 0x00000211922ca620 Exception <a 'sun/nio/fs/WindowsException'{0x00000000d5649630}> (0x00000000d5649630) 
thrown [s\src\hotspot\share\prims\jni.cpp, line 520]
Event: 1229.052 Thread 0x00000211922ca620 Exception <a 'sun/nio/fs/WindowsException'{0x00000000d56ab628}> (0x00000000d56ab628) 
thrown [s\src\hotspot\share\prims\jni.cpp, line 520]
Event: 1301.189 Thread 0x00000211922ca620 Exception <a 'sun/nio/fs/WindowsException'{0x00000000d58461c0}> (0x00000000d58461c0) 
thrown [s\src\hotspot\share\prims\jni.cpp, line 520]
Event: 1301.687 Thread 0x00000211922ca620 Exception <a 'sun/nio/fs/WindowsException'{0x00000000d5865728}> (0x00000000d5865728) 
thrown [s\src\hotspot\share\prims\jni.cpp, line 520]
Event: 1303.150 Thread 0x00000211922ca620 Exception <a 'sun/nio/fs/WindowsException'{0x00000000d583c3f0}> (0x00000000d583c3f0) 
thrown [s\src\hotspot\share\prims\jni.cpp, line 520]
Event: 1303.542 Thread 0x00000211922ca620 Exception <a 'sun/nio/fs/WindowsException'{0x00000000d55a07d0}> (0x00000000d55a07d0) 
thrown [s\src\hotspot\share\prims\jni.cpp, line 520]

ZGC Phase Switch (0 events):
No events

VM Operations (20 events):
Event: 1303.351 Executing safepoint VM operation: ParallelGCFailedAllocation (Allocation Failure)
Event: 1303.357 Executing safepoint VM operation: ParallelGCFailedAllocation (Allocation Failure) done
Event: 1303.436 Executing safepoint VM operation: ParallelGCFailedAllocation (Allocation Failure)
Event: 1303.443 Executing safepoint VM operation: ParallelGCFailedAllocation (Allocation Failure) done
Event: 1303.460 Executing safepoint VM operation: ParallelGCFailedAllocation (Allocation Failure)
Event: 1303.470 Executing safepoint VM operation: ParallelGCFailedAllocation (Allocation Failure) done
Event: 1303.471 Executing safepoint VM operation: ParallelGCFailedAllocation (Allocation Failure)
Event: 1303.477 Executing safepoint VM operation: ParallelGCFailedAllocation (Allocation Failure) done
Event: 1303.480 Executing safepoint VM operation: ParallelGCFailedAllocation (Allocation Failure)
Event: 1303.483 Executing safepoint VM operation: ParallelGCFailedAllocation (Allocation Failure) done
Event: 1303.489 Executing safepoint VM operation: ParallelGCFailedAllocation (Allocation Failure)
Event: 1303.492 Executing safepoint VM operation: ParallelGCFailedAllocation (Allocation Failure) done
Event: 1303.504 Executing safepoint VM operation: ParallelGCFailedAllocation (Allocation Failure)
Event: 1303.506 Executing safepoint VM operation: ParallelGCFailedAllocation (Allocation Failure) done
Event: 1303.951 Executing safepoint VM operation: ParallelGCFailedAllocation (Allocation Failure)
Event: 1303.955 Executing safepoint VM operation: ParallelGCFailedAllocation (Allocation Failure) done
Event: 1303.960 Executing safepoint VM operation: ParallelGCFailedAllocation (Allocation Failure)
Event: 1303.963 Executing safepoint VM operation: ParallelGCFailedAllocation (Allocation Failure) done
Event: 1303.973 Executing safepoint VM operation: ParallelGCFailedAllocation (Allocation Failure)
Event: 1303.976 Executing safepoint VM operation: ParallelGCFailedAllocation (Allocation Failure) done

Memory protections (0 events):
No events

Nmethod flushes (20 events):
Event: 992.795 Thread 0x000002114a31fc90 flushing  nmethod 0x0000021138ad7010
Event: 992.795 Thread 0x000002114a31fc90 flushing  nmethod 0x0000021138b03610
Event: 992.795 Thread 0x000002114a31fc90 flushing osr nmethod 0x0000021138b2dc90
Event: 992.795 Thread 0x000002114a31fc90 flushing  nmethod 0x0000021138b9dd90
Event: 992.795 Thread 0x000002114a31fc90 flushing  nmethod 0x0000021138c07490
Event: 992.795 Thread 0x000002114a31fc90 flushing  nmethod 0x0000021138c72c90
Event: 992.795 Thread 0x000002114a31fc90 flushing  nmethod 0x0000021138c73790
Event: 992.795 Thread 0x000002114a31fc90 flushing  nmethod 0x0000021138c75a10
Event: 992.795 Thread 0x000002114a31fc90 flushing  nmethod 0x0000021138c79c90
Event: 992.795 Thread 0x000002114a31fc90 flushing  nmethod 0x0000021138c81a10
Event: 992.795 Thread 0x000002114a31fc90 flushing  nmethod 0x0000021138c82c10
Event: 992.795 Thread 0x000002114a31fc90 flushing  nmethod 0x0000021138c90c90
Event: 992.795 Thread 0x000002114a31fc90 flushing  nmethod 0x0000021138ce6390
Event: 992.795 Thread 0x000002114a31fc90 flushing  nmethod 0x0000021138d07a10
Event: 992.795 Thread 0x000002114a31fc90 flushing  nmethod 0x0000021138d18810
Event: 992.795 Thread 0x000002114a31fc90 flushing  nmethod 0x0000021138d4cf90
Event: 992.795 Thread 0x000002114a31fc90 flushing  nmethod 0x0000021138d81f90
Event: 992.795 Thread 0x000002114a31fc90 flushing  nmethod 0x0000021138da6e90
Event: 992.795 Thread 0x000002114a31fc90 flushing  nmethod 0x0000021138da7390
Event: 992.795 Thread 0x000002114a31fc90 flushing  nmethod 0x0000021138dbcc10

Events (20 events):
Event: 1099.671 Thread 0x000002114a35bee0 Thread added: 0x00000211941d01e0
Event: 1099.969 Thread 0x00000211941d01e0 Thread exited: 0x00000211941d01e0
Event: 1103.434 Thread 0x00000211954e1b80 Thread added: 0x0000021192942c30
Event: 1118.534 Thread 0x00000211954e8b10 Thread added: 0x00000211929432c0
Event: 1118.613 Thread 0x000002114a35bee0 Thread added: 0x00000211941ccb60
Event: 1118.778 Thread 0x00000211941ccb60 Thread exited: 0x00000211941ccb60
Event: 1124.579 Thread 0x00000211954e8b10 Thread added: 0x0000021192944670
Event: 1124.854 Thread 0x00000211954e8b10 Thread added: 0x0000021192944d00
Event: 1142.829 Thread 0x00000211929425a0 Thread added: 0x0000021192943950
Event: 1142.906 Thread 0x000002114a357290 Thread added: 0x00000211941d01e0
Event: 1143.036 Thread 0x00000211941d01e0 Thread exited: 0x00000211941d01e0
Event: 1196.600 Thread 0x0000021192944d00 Thread added: 0x0000021192945390
Event: 1288.695 Thread 0x0000021192943fe0 Thread exited: 0x0000021192943fe0
Event: 1289.187 Thread 0x00000211929404d0 Thread exited: 0x00000211929404d0
Event: 1289.187 Thread 0x0000021192941f10 Thread exited: 0x0000021192941f10
Event: 1289.187 Thread 0x00000211954e8b10 Thread exited: 0x00000211954e8b10
Event: 1301.121 Thread 0x00000211929425a0 Thread added: 0x00000211929404d0
Event: 1301.209 Thread 0x00000211929404d0 Thread added: 0x0000021192943fe0
Event: 1301.428 Thread 0x0000021192944d00 Thread added: 0x0000021192941f10
Event: 1301.576 Thread 0x00000211929404d0 Thread added: 0x00000211958791d0


Dynamic libraries:
0x00007ff77db60000 - 0x00007ff77db6e000 	c:\Users\divak\.vscode\extensions\redhat.java-1.54.0-win32-x64\jre\21.0.10-win32-x86_64\bin\java.exe
0x00007ffbd6740000 - 0x00007ffbd69a7000 	C:\WINDOWS\SYSTEM32\ntdll.dll
0x00007ffbd5f90000 - 0x00007ffbd6059000 	C:\WINDOWS\System32\KERNEL32.DLL
0x00007ffbd3a30000 - 0x00007ffbd3e1f000 	C:\WINDOWS\System32\KERNELBASE.dll
0x00007ffbd41d0000 - 0x00007ffbd431b000 	C:\WINDOWS\System32\ucrtbase.dll
0x00007ffbcfcb0000 - 0x00007ffbcfcc8000 	c:\Users\divak\.vscode\extensions\redhat.java-1.54.0-win32-x64\jre\21.0.10-win32-x86_64\bin\jli.dll
0x00007ffbd0160000 - 0x00007ffbd017e000 	c:\Users\divak\.vscode\extensions\redhat.java-1.54.0-win32-x64\jre\21.0.10-win32-x86_64\bin\VCRUNTIME140.dll
0x00007ffbd5650000 - 0x00007ffbd5815000 	C:\WINDOWS\System32\USER32.dll
0x00007ffbd3950000 - 0x00007ffbd3977000 	C:\WINDOWS\System32\win32u.dll
0x00007ffbb7570000 - 0x00007ffbb7803000 	C:\WINDOWS\WinSxS\amd64_microsoft.windows.common-controls_6595b64144ccf1df_6.0.26100.7309_none_3e05feeae336a044\COMCTL32.dll
0x00007ffbd4cb0000 - 0x00007ffbd4d59000 	C:\WINDOWS\System32\msvcrt.dll
0x00007ffbd5560000 - 0x00007ffbd558b000 	C:\WINDOWS\System32\GDI32.dll
0x00007ffbd4320000 - 0x00007ffbd444c000 	C:\WINDOWS\System32\gdi32full.dll
0x00007ffbd3980000 - 0x00007ffbd3a23000 	C:\WINDOWS\System32\msvcp_win.dll
0x00007ffbd5590000 - 0x00007ffbd55c1000 	C:\WINDOWS\System32\IMM32.DLL
0x00007ffbd0150000 - 0x00007ffbd015c000 	c:\Users\divak\.vscode\extensions\redhat.java-1.54.0-win32-x64\jre\21.0.10-win32-x86_64\bin\vcruntime140_1.dll
0x00007ffbcfc10000 - 0x00007ffbcfc9d000 	c:\Users\divak\.vscode\extensions\redhat.java-1.54.0-win32-x64\jre\21.0.10-win32-x86_64\bin\msvcp140.dll
0x00007ffb5f270000 - 0x00007ffb60011000 	c:\Users\divak\.vscode\extensions\redhat.java-1.54.0-win32-x64\jre\21.0.10-win32-x86_64\bin\server\jvm.dll
0x00007ffbd4bf0000 - 0x00007ffbd4ca4000 	C:\WINDOWS\System32\ADVAPI32.dll
0x00007ffbd6180000 - 0x00007ffbd6226000 	C:\WINDOWS\System32\sechost.dll
0x00007ffbd6060000 - 0x00007ffbd6178000 	C:\WINDOWS\System32\RPCRT4.dll
0x00007ffbd55d0000 - 0x00007ffbd5644000 	C:\WINDOWS\System32\WS2_32.dll
0x00007ffbca450000 - 0x00007ffbca485000 	C:\WINDOWS\SYSTEM32\WINMM.dll
0x00007ffbbfbb0000 - 0x00007ffbbfbbb000 	C:\WINDOWS\SYSTEM32\VERSION.dll
0x00007ffbd36f0000 - 0x00007ffbd374e000 	C:\WINDOWS\SYSTEM32\POWRPROF.dll
0x00007ffbd36d0000 - 0x00007ffbd36e4000 	C:\WINDOWS\SYSTEM32\UMPDC.dll
0x00007ffbd2620000 - 0x00007ffbd263b000 	C:\WINDOWS\SYSTEM32\kernel.appcore.dll
0x00007ffbcfc00000 - 0x00007ffbcfc0a000 	c:\Users\divak\.vscode\extensions\redhat.java-1.54.0-win32-x64\jre\21.0.10-win32-x86_64\bin\jimage.dll
0x00007ffbd07d0000 - 0x00007ffbd0a12000 	C:\WINDOWS\SYSTEM32\DBGHELP.DLL
0x00007ffbd4850000 - 0x00007ffbd4bd6000 	C:\WINDOWS\System32\combase.dll
0x00007ffbd5370000 - 0x00007ffbd5446000 	C:\WINDOWS\System32\OLEAUT32.dll
0x00007ffbb4730000 - 0x00007ffbb476c000 	C:\WINDOWS\SYSTEM32\dbgcore.DLL
0x00007ffbd4120000 - 0x00007ffbd41c5000 	C:\WINDOWS\System32\bcryptPrimitives.dll
0x00007ffbcfbf0000 - 0x00007ffbcfbff000 	c:\Users\divak\.vscode\extensions\redhat.java-1.54.0-win32-x64\jre\21.0.10-win32-x86_64\bin\instrument.dll
0x00007ffbcfbd0000 - 0x00007ffbcfbf0000 	c:\Users\divak\.vscode\extensions\redhat.java-1.54.0-win32-x64\jre\21.0.10-win32-x86_64\bin\java.dll
0x00007ffbd5830000 - 0x00007ffbd5f83000 	C:\WINDOWS\System32\SHELL32.dll
0x00007ffbd3e30000 - 0x00007ffbd3f9a000 	C:\WINDOWS\System32\wintypes.dll
0x00007ffbd1460000 - 0x00007ffbd1cbe000 	C:\WINDOWS\SYSTEM32\windows.storage.dll
0x00007ffbd5270000 - 0x00007ffbd5365000 	C:\WINDOWS\System32\SHCORE.dll
0x00007ffbd44e0000 - 0x00007ffbd4546000 	C:\WINDOWS\System32\shlwapi.dll
0x00007ffbd37b0000 - 0x00007ffbd37d9000 	C:\WINDOWS\SYSTEM32\profapi.dll
0x00007ffbcfbb0000 - 0x00007ffbcfbc8000 	c:\Users\divak\.vscode\extensions\redhat.java-1.54.0-win32-x64\jre\21.0.10-win32-x86_64\bin\zip.dll
0x00007ffbcfba0000 - 0x00007ffbcfbb0000 	C:\Users\divak\.vscode\extensions\redhat.java-1.54.0-win32-x64\jre\21.0.10-win32-x86_64\bin\net.dll
0x00007ffbcbdb0000 - 0x00007ffbcbed8000 	C:\WINDOWS\SYSTEM32\WINHTTP.dll
0x00007ffbd2bb0000 - 0x00007ffbd2c1b000 	C:\WINDOWS\system32\mswsock.dll
0x00007ffbcfb80000 - 0x00007ffbcfb96000 	C:\Users\divak\.vscode\extensions\redhat.java-1.54.0-win32-x64\jre\21.0.10-win32-x86_64\bin\nio.dll
0x00007ffbcfb70000 - 0x00007ffbcfb80000 	c:\Users\divak\.vscode\extensions\redhat.java-1.54.0-win32-x64\jre\21.0.10-win32-x86_64\bin\verify.dll
0x00007ffbb6f50000 - 0x00007ffbb6f95000 	C:\Users\divak\AppData\Roaming\Code\User\globalStorage\redhat.java\1.54.0\config_win\org.eclipse.equinox.launcher\org.eclipse.equinox.launcher.win32.win32.x86_64_1.3.0.v20260203-2149\eclipse_11919.dll
0x00007ffbd62b0000 - 0x00007ffbd6447000 	C:\WINDOWS\System32\ole32.dll
0x00007ffbd2e70000 - 0x00007ffbd2e8b000 	C:\WINDOWS\SYSTEM32\CRYPTSP.dll
0x00007ffbd2580000 - 0x00007ffbd25ba000 	C:\WINDOWS\system32\rsaenh.dll
0x00007ffbd2c60000 - 0x00007ffbd2c8b000 	C:\WINDOWS\SYSTEM32\USERENV.dll
0x00007ffbd3780000 - 0x00007ffbd37aa000 	C:\WINDOWS\SYSTEM32\bcrypt.dll
0x00007ffbd2e90000 - 0x00007ffbd2e9c000 	C:\WINDOWS\SYSTEM32\CRYPTBASE.dll
0x00007ffbd2050000 - 0x00007ffbd2084000 	C:\WINDOWS\SYSTEM32\IPHLPAPI.DLL
0x00007ffbd4be0000 - 0x00007ffbd4bea000 	C:\WINDOWS\System32\NSI.dll
0x00007ffbb2ba0000 - 0x00007ffbb2be9000 	C:\Users\divak\AppData\Local\Temp\jna-95596667\jna5483286288930307374.dll
0x00007ffbd5820000 - 0x00007ffbd5828000 	C:\WINDOWS\System32\PSAPI.DLL
0x00007ffbcd130000 - 0x00007ffbcd14e000 	C:\WINDOWS\SYSTEM32\dhcpcsvc6.DLL
0x00007ffbcd100000 - 0x00007ffbcd123000 	C:\WINDOWS\SYSTEM32\dhcpcsvc.DLL
0x00007ffbce550000 - 0x00007ffbce55e000 	C:\Users\divak\.vscode\extensions\redhat.java-1.54.0-win32-x64\jre\21.0.10-win32-x86_64\bin\sunmscapi.dll
0x00007ffbd3fa0000 - 0x00007ffbd4117000 	C:\WINDOWS\System32\CRYPT32.dll
0x00007ffbd3090000 - 0x00007ffbd30c0000 	C:\WINDOWS\SYSTEM32\ncrypt.dll
0x00007ffbd3040000 - 0x00007ffbd307f000 	C:\WINDOWS\SYSTEM32\NTASN1.dll
0x00007ffbd20f0000 - 0x00007ffbd221c000 	C:\WINDOWS\SYSTEM32\DNSAPI.dll
0x00007ffbc9c40000 - 0x00007ffbc9c4b000 	C:\Windows\System32\rasadhlp.dll
0x00007ffbcd2d0000 - 0x00007ffbcd356000 	C:\WINDOWS\System32\fwpuclnt.dll
0x00007ffbc5000000 - 0x00007ffbc5009000 	C:\Users\divak\.vscode\extensions\redhat.java-1.54.0-win32-x64\jre\21.0.10-win32-x86_64\bin\extnet.dll

JVMTI agents:
c:\Users\divak\.vscode\extensions\redhat.java-1.54.0-win32-x64\lombok\lombok-1.18.39-4050.jar path:c:\Users\divak\.vscode\extensions\redhat.java-1.54.0-win32-x64\jre\21.0.10-win32-x86_64\bin\instrument.dll, loaded, initialized, instrumentlib options:none

dbghelp: loaded successfully - version: 4.0.5 - missing functions: none
symbol engine: initialized successfully - sym options: 0x614 - pdb path: .;c:\Users\divak\.vscode\extensions\redhat.java-1.54.0-win32-x64\jre\21.0.10-win32-x86_64\bin;C:\WINDOWS\SYSTEM32;C:\WINDOWS\WinSxS\amd64_microsoft.windows.common-controls_6595b64144ccf1df_6.0.26100.7309_none_3e05feeae336a044;c:\Users\divak\.vscode\extensions\redhat.java-1.54.0-win32-x64\jre\21.0.10-win32-x86_64\bin\server;C:\Users\divak\AppData\Roaming\Code\User\globalStorage\redhat.java\1.54.0\config_win\org.eclipse.equinox.launcher\org.eclipse.equinox.launcher.win32.win32.x86_64_1.3.0.v20260203-2149;C:\Users\divak\AppData\Local\Temp\jna-95596667

VM Arguments:
jvm_args: --add-modules=ALL-SYSTEM --add-opens=java.base/java.util=ALL-UNNAMED --add-opens=java.base/java.lang=ALL-UNNAMED --add-opens=java.base/sun.nio.fs=ALL-UNNAMED -Declipse.application=org.eclipse.jdt.ls.core.id1 -Dosgi.bundles.defaultStartLevel=4 -Declipse.product=org.eclipse.jdt.ls.core.product -Djava.import.generatesMetadataFilesAtProjectRoot=false -DDetectVMInstallationsJob.disabled=true -Dfile.encoding=utf8 -XX:+UseParallelGC -XX:GCTimeRatio=4 -XX:AdaptiveSizePolicyWeight=90 -Dsun.zip.disableMemoryMapping=true -Xmx2G -Xms100m -Xlog:disable -javaagent:c:\Users\divak\.vscode\extensions\redhat.java-1.54.0-win32-x64\lombok\lombok-1.18.39-4050.jar -XX:+HeapDumpOnOutOfMemoryError -XX:HeapDumpPath=c:\Users\divak\AppData\Roaming\Code\User\workspaceStorage\28c185f7beae44aea89ad2616f76689d\redhat.java -Daether.dependencyCollector.impl=bf 
java_command: c:\Users\divak\.vscode\extensions\redhat.java-1.54.0-win32-x64\server\plugins\org.eclipse.equinox.launcher_1.7.100.v20251111-0406.jar -configuration c:\Users\divak\AppData\Roaming\Code\User\globalStorage\redhat.java\1.54.0\config_win -data c:\Users\divak\AppData\Roaming\Code\User\workspaceStorage\28c185f7beae44aea89ad2616f76689d\redhat.java\jdt_ws --pipe=\\.\pipe\lsp-35e97ff12d5a13b08657a96c9dca21de-sock
java_class_path (initial): c:\Users\divak\.vscode\extensions\redhat.java-1.54.0-win32-x64\server\plugins\org.eclipse.equinox.launcher_1.7.100.v20251111-0406.jar
Launcher Type: SUN_STANDARD

[Global flags]
    uintx AdaptiveSizePolicyWeight                 = 90                                        {product} {command line}
     intx CICompilerCount                          = 4                                         {product} {ergonomic}
    uintx GCTimeRatio                              = 4                                         {product} {command line}
     bool HeapDumpOnOutOfMemoryError               = true                                   {manageable} {command line}
    ccstr HeapDumpPath                             = c:\Users\divak\AppData\Roaming\Code\User\workspaceStorage\28c185f7beae44aea89ad2616f76689d\redhat.java         {manageable} {command line}
   size_t InitialHeapSize                          = 104857600                                 {product} {command line}
   size_t MaxHeapSize                              = 2147483648                                {product} {command line}
   size_t MaxNewSize                               = 715653120                                 {product} {ergonomic}
   size_t MinHeapDeltaBytes                        = 524288                                    {product} {ergonomic}
   size_t MinHeapSize                              = 104857600                                 {product} {command line}
   size_t NewSize                                  = 34603008                                  {product} {ergonomic}
    uintx NonNMethodCodeHeapSize                   = 5839372                                {pd product} {ergonomic}
    uintx NonProfiledCodeHeapSize                  = 122909434                              {pd product} {ergonomic}
   size_t OldSize                                  = 70254592                                  {product} {ergonomic}
    uintx ProfiledCodeHeapSize                     = 122909434                              {pd product} {ergonomic}
    uintx ReservedCodeCacheSize                    = 251658240                              {pd product} {ergonomic}
     bool SegmentedCodeCache                       = true                                      {product} {ergonomic}
   size_t SoftMaxHeapSize                          = 2147483648                             {manageable} {ergonomic}
     bool UseCompressedOops                        = true                           {product lp64_product} {ergonomic}
     bool UseLargePagesIndividualAllocation        = false                                  {pd product} {ergonomic}
     bool UseParallelGC                            = true                                      {product} {command line}

Logging:
Log output configuration:
 #0: stdout all=off uptime,level,tags foldmultilines=false
 #1: stderr all=off uptime,level,tags foldmultilines=false

Release file:
JAVA_VERSION="21.0.10" 
MODULES="java.base java.compiler java.datatransfer java.xml java.prefs java.desktop java.instrument java.logging java.management java.security.sasl java.naming java.rmi java.management.rmi java.net.http java.scripting java.security.jgss java.transaction.xa java.sql java.sql.rowset java.xml.crypto java.se java.smartcardio jdk.accessibility jdk.internal.jvmstat jdk.attach jdk.charsets jdk.internal.opt jdk.zipfs jdk.compiler jdk.crypto.ec jdk.crypto.cryptoki jdk.crypto.mscapi jdk.dynalink jdk.internal.ed jdk.editpad jdk.hotspot.agent jdk.httpserver jdk.internal.le jdk.internal.vm.ci jdk.internal.vm.compiler jdk.internal.vm.compiler.management jdk.jartool jdk.javadoc jdk.jcmd jdk.management jdk.management.agent jdk.jconsole jdk.jdeps jdk.jdwp.agent jdk.jdi jdk.jfr jdk.jshell jdk.jsobject jdk.jstatd jdk.localedata jdk.management.jfr jdk.naming.dns jdk.naming.rmi jdk.net jdk.nio.mapmode jdk.random jdk.sctp jdk.security.auth jdk.security.jgss jdk.unsupported jdk.unsupported.desktop jdk.xml.dom" 

Environment Variables:
PATH=C:\Users\divak\AppData\Local\Programs\Microsoft VS Code;C:\Program Files\Common Files\Oracle\Java\javapath;C:\Windows\system32;C:\Windows;C:\Windows\System32\Wbem;C:\Windows\System32\WindowsPowerShell\v1.0\;C:\Windows\System32\OpenSSH\;C:\Program Files (x86)\NVIDIA Corporation\PhysX\Common;C:\Program Files\NVIDIA Corporation\NVIDIA NvDLISR;C:\WINDOWS\system32;C:\WINDOWS;C:\WINDOWS\System32\Wbem;C:\WINDOWS\System32\WindowsPowerShell\v1.0\;C:\WINDOWS\System32\OpenSSH\;C:\Program Files (x86)\Microsoft SQL Server\170\Tools\Binn\;C:\Program Files\Microsoft SQL Server\170\Tools\Binn\;C:\Program Files\Microsoft SQL Server\Client SDK\ODBC\180\Tools\Binn\;C:\Program Files\Microsoft SQL Server\170\DTS\Binn\;C:\Program Files\nodejs\;C:\Users\divak\AppData\Local\Microsoft\WindowsApps;C:\Users\divak\AppData\Local\Programs\Microsoft VS Code\bin;C:\Users\divak\AppData\Roaming\npm
USERNAME=divak
OS=Windows_NT
PROCESSOR_IDENTIFIER=Intel64 Family 6 Model 140 Stepping 1, GenuineIntel
TMP=C:\Users\divak\AppData\Local\Temp
TEMP=C:\Users\divak\AppData\Local\Temp




Periodic native trim disabled

---------------  S Y S T E M  ---------------

OS:
 Windows 11 , 64 bit Build 26100 (10.0.26100.7623)
OS uptime: 0 days 11:18 hours
Hyper-V role detected

CPU: total 8 (initial active 8) (4 cores per cpu, 2 threads per core) family 6 model 140 stepping 1 microcode 0xa4, cx8, cmov, fxsr, ht, mmx, 3dnowpref, sse, sse2, sse3, ssse3, sse4.1, sse4.2, popcnt, lzcnt, tsc, tscinvbit, avx, avx2, aes, erms, clmul, bmi1, bmi2, adx, avx512f, avx512dq, avx512cd, avx512bw, avx512vl, sha, fma, vzeroupper, avx512_vpopcntdq, avx512_vpclmulqdq, avx512_vaes, avx512_vnni, clflush, clflushopt, clwb, avx512_vbmi2, avx512_vbmi, hv, rdtscp, rdpid, fsrm, gfni, avx512_bitalg, f16c, cet_ibt, cet_ss, avx512_ifma
Processor Information for the first 8 processors :
  Max Mhz: 3110, Current Mhz: 3110, Mhz Limit: 3110

Memory: 4k page, system-wide physical 7975M (514M free)
TotalPageFile size 15938M (AvailPageFile size 4M)
current process WorkingSet (physical memory assigned to process): 969M, peak: 987M
current process commit charge ("private bytes"): 1267M, peak: 1764M

vm_info: OpenJDK 64-Bit Server VM (21.0.10+7-LTS) for windows-amd64 JRE (21.0.10+7-LTS), built on 2026-01-20T00:00:00Z by "admin" with MS VC++ 17.12 (VS2022)

END.
